Archive member included to satisfy reference by file (symbol)

/home/popenyuk/Programs/SystemWorkbench/plugins/fr.ac6.mcu.externaltools.arm-none.linux64_1.17.0.201812190825/tools/compiler/bin/../lib/gcc/arm-none-eabi/7.3.1/../../../../arm-none-eabi/lib/thumb/v7e-m/fpv4-sp/hard/libstdc++_nano.a(new_op.o)
                              Src/LCD_Display.o (operator new(unsigned int))
/home/popenyuk/Programs/SystemWorkbench/plugins/fr.ac6.mcu.externaltools.arm-none.linux64_1.17.0.201812190825/tools/compiler/bin/../lib/gcc/arm-none-eabi/7.3.1/../../../../arm-none-eabi/lib/thumb/v7e-m/fpv4-sp/hard/libstdc++_nano.a(new_handler.o)
                              /home/popenyuk/Programs/SystemWorkbench/plugins/fr.ac6.mcu.externaltools.arm-none.linux64_1.17.0.201812190825/tools/compiler/bin/../lib/gcc/arm-none-eabi/7.3.1/../../../../arm-none-eabi/lib/thumb/v7e-m/fpv4-sp/hard/libstdc++_nano.a(new_op.o) (std::get_new_handler())
/home/popenyuk/Programs/SystemWorkbench/plugins/fr.ac6.mcu.externaltools.arm-none.linux64_1.17.0.201812190825/tools/compiler/bin/../lib/gcc/arm-none-eabi/7.3.1/thumb/v7e-m/fpv4-sp/hard/libgcc.a(_arm_addsubdf3.o)
                              Src/DisplayStrategy.o (__aeabi_dsub)
/home/popenyuk/Programs/SystemWorkbench/plugins/fr.ac6.mcu.externaltools.arm-none.linux64_1.17.0.201812190825/tools/compiler/bin/../lib/gcc/arm-none-eabi/7.3.1/thumb/v7e-m/fpv4-sp/hard/libgcc.a(_arm_muldivdf3.o)
                              Src/DisplayStrategy.o (__aeabi_dmul)
/home/popenyuk/Programs/SystemWorkbench/plugins/fr.ac6.mcu.externaltools.arm-none.linux64_1.17.0.201812190825/tools/compiler/bin/../lib/gcc/arm-none-eabi/7.3.1/thumb/v7e-m/fpv4-sp/hard/libgcc.a(_arm_fixdfsi.o)
                              Src/DisplayStrategy.o (__aeabi_d2iz)
/home/popenyuk/Programs/SystemWorkbench/plugins/fr.ac6.mcu.externaltools.arm-none.linux64_1.17.0.201812190825/tools/compiler/bin/../lib/gcc/arm-none-eabi/7.3.1/../../../../arm-none-eabi/lib/thumb/v7e-m/fpv4-sp/hard/libc_nano.a(lib_a-abort.o)
                              /home/popenyuk/Programs/SystemWorkbench/plugins/fr.ac6.mcu.externaltools.arm-none.linux64_1.17.0.201812190825/tools/compiler/bin/../lib/gcc/arm-none-eabi/7.3.1/../../../../arm-none-eabi/lib/thumb/v7e-m/fpv4-sp/hard/libstdc++_nano.a(new_op.o) (abort)
/home/popenyuk/Programs/SystemWorkbench/plugins/fr.ac6.mcu.externaltools.arm-none.linux64_1.17.0.201812190825/tools/compiler/bin/../lib/gcc/arm-none-eabi/7.3.1/../../../../arm-none-eabi/lib/thumb/v7e-m/fpv4-sp/hard/libc_nano.a(lib_a-exit.o)
                              /home/popenyuk/Programs/SystemWorkbench/plugins/fr.ac6.mcu.externaltools.arm-none.linux64_1.17.0.201812190825/tools/compiler/bin/../lib/gcc/arm-none-eabi/7.3.1/../../../../arm-none-eabi/lib/thumb/v7e-m/fpv4-sp/hard/crt0.o (exit)
/home/popenyuk/Programs/SystemWorkbench/plugins/fr.ac6.mcu.externaltools.arm-none.linux64_1.17.0.201812190825/tools/compiler/bin/../lib/gcc/arm-none-eabi/7.3.1/../../../../arm-none-eabi/lib/thumb/v7e-m/fpv4-sp/hard/libc_nano.a(lib_a-impure.o)
                              /home/popenyuk/Programs/SystemWorkbench/plugins/fr.ac6.mcu.externaltools.arm-none.linux64_1.17.0.201812190825/tools/compiler/bin/../lib/gcc/arm-none-eabi/7.3.1/../../../../arm-none-eabi/lib/thumb/v7e-m/fpv4-sp/hard/libc_nano.a(lib_a-exit.o) (_global_impure_ptr)
/home/popenyuk/Programs/SystemWorkbench/plugins/fr.ac6.mcu.externaltools.arm-none.linux64_1.17.0.201812190825/tools/compiler/bin/../lib/gcc/arm-none-eabi/7.3.1/../../../../arm-none-eabi/lib/thumb/v7e-m/fpv4-sp/hard/libc_nano.a(lib_a-init.o)
                              /home/popenyuk/Programs/SystemWorkbench/plugins/fr.ac6.mcu.externaltools.arm-none.linux64_1.17.0.201812190825/tools/compiler/bin/../lib/gcc/arm-none-eabi/7.3.1/../../../../arm-none-eabi/lib/thumb/v7e-m/fpv4-sp/hard/crt0.o (__libc_init_array)
/home/popenyuk/Programs/SystemWorkbench/plugins/fr.ac6.mcu.externaltools.arm-none.linux64_1.17.0.201812190825/tools/compiler/bin/../lib/gcc/arm-none-eabi/7.3.1/../../../../arm-none-eabi/lib/thumb/v7e-m/fpv4-sp/hard/libc_nano.a(lib_a-isspace.o)
                              Src/Nokia_Display.o (isspace)
/home/popenyuk/Programs/SystemWorkbench/plugins/fr.ac6.mcu.externaltools.arm-none.linux64_1.17.0.201812190825/tools/compiler/bin/../lib/gcc/arm-none-eabi/7.3.1/../../../../arm-none-eabi/lib/thumb/v7e-m/fpv4-sp/hard/libc_nano.a(lib_a-itoa.o)
                              Src/DisplayStrategy.o (itoa)
/home/popenyuk/Programs/SystemWorkbench/plugins/fr.ac6.mcu.externaltools.arm-none.linux64_1.17.0.201812190825/tools/compiler/bin/../lib/gcc/arm-none-eabi/7.3.1/../../../../arm-none-eabi/lib/thumb/v7e-m/fpv4-sp/hard/libc_nano.a(lib_a-locale.o)
                              /home/popenyuk/Programs/SystemWorkbench/plugins/fr.ac6.mcu.externaltools.arm-none.linux64_1.17.0.201812190825/tools/compiler/bin/../lib/gcc/arm-none-eabi/7.3.1/../../../../arm-none-eabi/lib/thumb/v7e-m/fpv4-sp/hard/libc_nano.a(lib_a-isspace.o) (__locale_ctype_ptr)
[...]
Memory Configuration

Name             Origin             Length             Attributes
RAM              0x0000000020000000 0x000000000000a000 xrw
CCMRAM           0x0000000010000000 0x0000000000002000 rw
FLASH            0x0000000008000000 0x0000000000040000 xr
*default*        0x0000000000000000 0xffffffffffffffff

Linker script and memory map

LOAD /home/popenyuk/Programs/SystemWorkbench/plugins/fr.ac6.mcu.externaltools.arm-none.linux64_1.17.0.201812190825/tools/compiler/bin/../lib/gcc/arm-none-eabi/7.3.1/thumb/v7e-m/fpv4-sp/hard/crti.o
LOAD /home/popenyuk/Programs/SystemWorkbench/plugins/fr.ac6.mcu.externaltools.arm-none.linux64_1.17.0.201812190825/tools/compiler/bin/../lib/gcc/arm-none-eabi/7.3.1/thumb/v7e-m/fpv4-sp/hard/crtbegin.o
LOAD /home/popenyuk/Programs/SystemWorkbench/plugins/fr.ac6.mcu.externaltools.arm-none.linux64_1.17.0.201812190825/tools/compiler/bin/../lib/gcc/arm-none-eabi/7.3.1/../../../../arm-none-eabi/lib/thumb/v7e-m/fpv4-sp/hard/crt0.o
LOAD Drivers/STM32F3xx_HAL_Driver/Src/stm32f3xx_hal.o
LOAD Drivers/STM32F3xx_HAL_Driver/Src/stm32f3xx_hal_cortex.o
LOAD Drivers/STM32F3xx_HAL_Driver/Src/stm32f3xx_hal_dma.o
LOAD Drivers/STM32F3xx_HAL_Driver/Src/stm32f3xx_hal_flash.o
LOAD Drivers/STM32F3xx_HAL_Driver/Src/stm32f3xx_hal_flash_ex.o
LOAD Drivers/STM32F3xx_HAL_Driver/Src/stm32f3xx_hal_gpio.o
LOAD Drivers/STM32F3xx_HAL_Driver/Src/stm32f3xx_hal_i2c.o
LOAD Drivers/STM32F3xx_HAL_Driver/Src/stm32f3xx_hal_i2c_ex.o
LOAD Drivers/STM32F3xx_HAL_Driver/Src/stm32f3xx_hal_pwr.o
LOAD Drivers/STM32F3xx_HAL_Driver/Src/stm32f3xx_hal_pwr_ex.o
LOAD Drivers/STM32F3xx_HAL_Driver/Src/stm32f3xx_hal_rcc.o
LOAD Drivers/STM32F3xx_HAL_Driver/Src/stm32f3xx_hal_rcc_ex.o
LOAD Drivers/STM32F3xx_HAL_Driver/Src/stm32f3xx_hal_spi.o
LOAD Drivers/STM32F3xx_HAL_Driver/Src/stm32f3xx_hal_spi_ex.o
LOAD Drivers/STM32F3xx_HAL_Driver/Src/stm32f3xx_hal_tim.o
LOAD Drivers/STM32F3xx_HAL_Driver/Src/stm32f3xx_hal_tim_ex.o
LOAD Src/DisplayStrategy.o
LOAD Src/LCD_Display.o
LOAD Src/Nokia_Display.o
LOAD Src/gpio.o
LOAD Src/i2c.o
LOAD Src/main.o
LOAD Src/spi.o
LOAD Src/stm32f3xx_hal_msp.o
LOAD Src/stm32f3xx_it.o
LOAD Src/system_stm32f3xx.o
LOAD startup/startup_stm32f303xc.o
LOAD /home/popenyuk/Programs/SystemWorkbench/plugins/fr.ac6.mcu.externaltools.arm-none.linux64_1.17.0.201812190825/tools/compiler/bin/../lib/gcc/arm-none-eabi/7.3.1/../../../../arm-none-eabi/lib/thumb/v7e-m/fpv4-sp/hard/libstdc++_nano.a
LOAD /home/popenyuk/Programs/SystemWorkbench/plugins/fr.ac6.mcu.externaltools.arm-none.linux64_1.17.0.201812190825/tools/compiler/bin/../lib/gcc/arm-none-eabi/7.3.1/../../../../arm-none-eabi/lib/thumb/v7e-m/fpv4-sp/hard/libm.a
START GROUP
LOAD /home/popenyuk/Programs/SystemWorkbench/plugins/fr.ac6.mcu.externaltools.arm-none.linux64_1.17.0.201812190825/tools/compiler/bin/../lib/gcc/arm-none-eabi/7.3.1/thumb/v7e-m/fpv4-sp/hard/libgcc.a
LOAD /home/popenyuk/Programs/SystemWorkbench/plugins/fr.ac6.mcu.externaltools.arm-none.linux64_1.17.0.201812190825/tools/compiler/bin/../lib/gcc/arm-none-eabi/7.3.1/../../../../arm-none-eabi/lib/thumb/v7e-m/fpv4-sp/hard/libc_nano.a
END GROUP
START GROUP
LOAD /home/popenyuk/Programs/SystemWorkbench/plugins/fr.ac6.mcu.externaltools.arm-none.linux64_1.17.0.201812190825/tools/compiler/bin/../lib/gcc/arm-none-eabi/7.3.1/thumb/v7e-m/fpv4-sp/hard/libgcc.a
LOAD /home/popenyuk/Programs/SystemWorkbench/plugins/fr.ac6.mcu.externaltools.arm-none.linux64_1.17.0.201812190825/tools/compiler/bin/../lib/gcc/arm-none-eabi/7.3.1/../../../../arm-none-eabi/lib/thumb/v7e-m/fpv4-sp/hard/libc_nano.a
LOAD /home/popenyuk/Programs/SystemWorkbench/plugins/fr.ac6.mcu.externaltools.arm-none.linux64_1.17.0.201812190825/tools/compiler/bin/../lib/gcc/arm-none-eabi/7.3.1/../../../../arm-none-eabi/lib/thumb/v7e-m/fpv4-sp/hard/libnosys.a
END GROUP
START GROUP
LOAD /home/popenyuk/Programs/SystemWorkbench/plugins/fr.ac6.mcu.externaltools.arm-none.linux64_1.17.0.201812190825/tools/compiler/bin/../lib/gcc/arm-none-eabi/7.3.1/thumb/v7e-m/fpv4-sp/hard/libgcc.a
LOAD /home/popenyuk/Programs/SystemWorkbench/plugins/fr.ac6.mcu.externaltools.arm-none.linux64_1.17.0.201812190825/tools/compiler/bin/../lib/gcc/arm-none-eabi/7.3.1/../../../../arm-none-eabi/lib/thumb/v7e-m/fpv4-sp/hard/libc_nano.a
LOAD /home/popenyuk/Programs/SystemWorkbench/plugins/fr.ac6.mcu.externaltools.arm-none.linux64_1.17.0.201812190825/tools/compiler/bin/../lib/gcc/arm-none-eabi/7.3.1/../../../../arm-none-eabi/lib/thumb/v7e-m/fpv4-sp/hard/libnosys.a
END GROUP
LOAD /home/popenyuk/Programs/SystemWorkbench/plugins/fr.ac6.mcu.externaltools.arm-none.linux64_1.17.0.201812190825/tools/compiler/bin/../lib/gcc/arm-none-eabi/7.3.1/thumb/v7e-m/fpv4-sp/hard/crtend.o
LOAD /home/popenyuk/Programs/SystemWorkbench/plugins/fr.ac6.mcu.externaltools.arm-none.linux64_1.17.0.201812190825/tools/compiler/bin/../lib/gcc/arm-none-eabi/7.3.1/thumb/v7e-m/fpv4-sp/hard/crtn.o
                0x000000002000a000                _estack = 0x2000a000
                0x0000000000000200                _Min_Heap_Size = 0x200
                0x0000000000000400                _Min_Stack_Size = 0x400

.isr_vector     0x0000000008000000      0x188
                0x0000000008000000                . = ALIGN (0x4)
 *(.isr_vector)
 .isr_vector    0x0000000008000000      0x188 startup/startup_stm32f303xc.o
                0x0000000008000000                g_pfnVectors
                0x0000000008000188                . = ALIGN (0x4)

.text           0x0000000008000188     0x3a20
                0x0000000008000188                . = ALIGN (0x4)
 *(.text)
 .text          0x0000000008000188       0x40 /home/popenyuk/Programs/SystemWorkbench/plugins/fr.ac6.mcu.externaltools.arm-none.linux64_1.17.0.201812190825/tools/compiler/bin/../lib/gcc/arm-none-eabi/7.3.1/thumb/v7e-m/fpv4-sp/hard/crtbegin.o
 .text          0x00000000080001c8      0x378 /home/popenyuk/Programs/SystemWorkbench/plugins/fr.ac6.mcu.externaltools.arm-none.linux64_1.17.0.201812190825/tools/compiler/bin/../lib/gcc/arm-none-eabi/7.3.1/thumb/v7e-m/fpv4-sp/hard/libgcc.a(_arm_addsubdf3.o)
                0x00000000080001c8                __aeabi_drsub
                0x00000000080001d0                __aeabi_dsub
                0x00000000080001d0                __subdf3
                0x00000000080001d4                __adddf3
                0x00000000080001d4                __aeabi_dadd
                0x000000000800044c                __aeabi_ui2d
                0x000000000800044c                __floatunsidf
                0x000000000800046c                __floatsidf
                0x000000000800046c                __aeabi_i2d
                0x0000000008000490                __extendsfdf2
                0x0000000008000490                __aeabi_f2d
                0x00000000080004d4                __aeabi_ul2d
                0x00000000080004d4                __floatundidf
                0x00000000080004e4                __floatdidf
                0x00000000080004e4                __aeabi_l2d
 .text          0x0000000008000540      0x424 /home/popenyuk/Programs/SystemWorkbench/plugins/fr.ac6.mcu.externaltools.arm-none.linux64_1.17.0.201812190825/tools/compiler/bin/../lib/gcc/arm-none-eabi/7.3.1/thumb/v7e-m/fpv4-sp/hard/libgcc.a(_arm_muldivdf3.o)
                0x0000000008000540                __aeabi_dmul
                0x0000000008000540                __muldf3
                0x0000000008000794                __aeabi_ddiv
                0x0000000008000794                __divdf3
 .text          0x0000000008000964       0x50 /home/popenyuk/Programs/SystemWorkbench/plugins/fr.ac6.mcu.externaltools.arm-none.linux64_1.17.0.201812190825/tools/compiler/bin/../lib/gcc/arm-none-eabi/7.3.1/thumb/v7e-m/fpv4-sp/hard/libgcc.a(_arm_fixdfsi.o)
                0x0000000008000964                __fixdfsi
                0x0000000008000964                __aeabi_d2iz
 *(.text*)
 .text.HAL_InitTick
                0x00000000080009b4       0x48 Drivers/STM32F3xx_HAL_Driver/Src/stm32f3xx_hal.o
                0x00000000080009b4                HAL_InitTick
 .text.HAL_Init
                0x00000000080009fc       0x24 Drivers/STM32F3xx_HAL_Driver/Src/stm32f3xx_hal.o
                0x00000000080009fc                HAL_Init
 .text.HAL_IncTick
                0x0000000008000a20       0x18 Drivers/STM32F3xx_HAL_Driver/Src/stm32f3xx_hal.o
                0x0000000008000a20                HAL_IncTick
 .text.HAL_GetTick
                0x0000000008000a38        0xc Drivers/STM32F3xx_HAL_Driver/Src/stm32f3xx_hal.o
                0x0000000008000a38                HAL_GetTick
 .text.HAL_Delay
                0x0000000008000a44       0x28 Drivers/STM32F3xx_HAL_Driver/Src/stm32f3xx_hal.o
                0x0000000008000a44                HAL_Delay
 .text.HAL_NVIC_SetPriorityGrouping
                0x0000000008000a6c       0x3c Drivers/STM32F3xx_HAL_Driver/Src/stm32f3xx_hal_cortex.o
                0x0000000008000a6c                HAL_NVIC_SetPriorityGrouping
 .text.HAL_NVIC_SetPriority
                0x0000000008000aa8       0x8c Drivers/STM32F3xx_HAL_Driver/Src/stm32f3xx_hal_cortex.o
                0x0000000008000aa8                HAL_NVIC_SetPriority
 .text.HAL_SYSTICK_Config
                0x0000000008000b34       0x2c Drivers/STM32F3xx_HAL_Driver/Src/stm32f3xx_hal_cortex.o
                0x0000000008000b34                HAL_SYSTICK_Config
 .text.HAL_SYSTICK_CLKSourceConfig
                0x0000000008000b60       0x3c Drivers/STM32F3xx_HAL_Driver/Src/stm32f3xx_hal_cortex.o
                0x0000000008000b60                HAL_SYSTICK_CLKSourceConfig
 .text.HAL_SYSTICK_Callback
                0x0000000008000b9c        0x2 Drivers/STM32F3xx_HAL_Driver/Src/stm32f3xx_hal_cortex.o
                0x0000000008000b9c                HAL_SYSTICK_Callback
 .text.HAL_SYSTICK_IRQHandler
                0x0000000008000b9e        0x8 Drivers/STM32F3xx_HAL_Driver/Src/stm32f3xx_hal_cortex.o
                0x0000000008000b9e                HAL_SYSTICK_IRQHandler
 *fill*         0x0000000008000ba6        0x2 
 .text.HAL_GPIO_Init
                0x0000000008000ba8      0x2bc Drivers/STM32F3xx_HAL_Driver/Src/stm32f3xx_hal_gpio.o
                0x0000000008000ba8                HAL_GPIO_Init
 .text.HAL_GPIO_WritePin
                0x0000000008000e64       0x34 Drivers/STM32F3xx_HAL_Driver/Src/stm32f3xx_hal_gpio.o
                0x0000000008000e64                HAL_GPIO_WritePin
 .text.I2C_Flush_TXDR
                0x0000000008000e98       0x22 Drivers/STM32F3xx_HAL_Driver/Src/stm32f3xx_hal_i2c.o
 *fill*         0x0000000008000eba        0x2 
 .text.I2C_TransferConfig
                0x0000000008000ebc       0xa8 Drivers/STM32F3xx_HAL_Driver/Src/stm32f3xx_hal_i2c.o
 .text.I2C_IsAcknowledgeFailed
                0x0000000008000f64       0x82 Drivers/STM32F3xx_HAL_Driver/Src/stm32f3xx_hal_i2c.o
 .text.I2C_WaitOnTXISFlagUntilTimeout
                0x0000000008000fe6       0x54 Drivers/STM32F3xx_HAL_Driver/Src/stm32f3xx_hal_i2c.o
 .text.I2C_WaitOnFlagUntilTimeout
                0x000000000800103a       0x48 Drivers/STM32F3xx_HAL_Driver/Src/stm32f3xx_hal_i2c.o
 .text.I2C_WaitOnSTOPFlagUntilTimeout
                0x0000000008001082       0x4e Drivers/STM32F3xx_HAL_Driver/Src/stm32f3xx_hal_i2c.o
 .text.HAL_I2C_Init
                0x00000000080010d0      0x170 Drivers/STM32F3xx_HAL_Driver/Src/stm32f3xx_hal_i2c.o
                0x00000000080010d0                HAL_I2C_Init
 .text.HAL_I2C_Master_Transmit
                0x0000000008001240      0x190 Drivers/STM32F3xx_HAL_Driver/Src/stm32f3xx_hal_i2c.o
                0x0000000008001240                HAL_I2C_Master_Transmit
 .text.HAL_I2C_IsDeviceReady
                0x00000000080013d0      0x15c Drivers/STM32F3xx_HAL_Driver/Src/stm32f3xx_hal_i2c.o
                0x00000000080013d0                HAL_I2C_IsDeviceReady
 .text.HAL_I2CEx_ConfigAnalogFilter
                0x000000000800152c       0x94 Drivers/STM32F3xx_HAL_Driver/Src/stm32f3xx_hal_i2c_ex.o
                0x000000000800152c                HAL_I2CEx_ConfigAnalogFilter
 .text.HAL_I2CEx_ConfigDigitalFilter
                0x00000000080015c0       0x8c Drivers/STM32F3xx_HAL_Driver/Src/stm32f3xx_hal_i2c_ex.o
                0x00000000080015c0                HAL_I2CEx_ConfigDigitalFilter
 .text.HAL_RCC_OscConfig
                0x000000000800164c      0x73c Drivers/STM32F3xx_HAL_Driver/Src/stm32f3xx_hal_rcc.o
                0x000000000800164c                HAL_RCC_OscConfig
 .text.HAL_RCC_GetSysClockFreq
                0x0000000008001d88       0x70 Drivers/STM32F3xx_HAL_Driver/Src/stm32f3xx_hal_rcc.o
                0x0000000008001d88                HAL_RCC_GetSysClockFreq
 .text.HAL_RCC_ClockConfig
                0x0000000008001df8      0x258 Drivers/STM32F3xx_HAL_Driver/Src/stm32f3xx_hal_rcc.o
                0x0000000008001df8                HAL_RCC_ClockConfig
 .text.HAL_RCC_GetHCLKFreq
                0x0000000008002050        0xc Drivers/STM32F3xx_HAL_Driver/Src/stm32f3xx_hal_rcc.o
                0x0000000008002050                HAL_RCC_GetHCLKFreq
 .text.HAL_RCCEx_PeriphCLKConfig
                0x000000000800205c      0x488 Drivers/STM32F3xx_HAL_Driver/Src/stm32f3xx_hal_rcc_ex.o
                0x000000000800205c                HAL_RCCEx_PeriphCLKConfig
 .text.SPI_WaitFlagStateUntilTimeout
                0x00000000080024e4       0x92 Drivers/STM32F3xx_HAL_Driver/Src/stm32f3xx_hal_spi.o
 .text.SPI_WaitFifoStateUntilTimeout
                0x0000000008002576       0xa4 Drivers/STM32F3xx_HAL_Driver/Src/stm32f3xx_hal_spi.o
 .text.SPI_EndRxTxTransaction
                0x000000000800261a       0x66 Drivers/STM32F3xx_HAL_Driver/Src/stm32f3xx_hal_spi.o
 .text.HAL_SPI_Init
                0x0000000008002680      0x23c Drivers/STM32F3xx_HAL_Driver/Src/stm32f3xx_hal_spi.o
                0x0000000008002680                HAL_SPI_Init
 .text.HAL_SPI_Transmit
                0x00000000080028bc      0x1dc Drivers/STM32F3xx_HAL_Driver/Src/stm32f3xx_hal_spi.o
                0x00000000080028bc                HAL_SPI_Transmit
 .text._ZN15DisplayStrategy13set_backlightEb
                0x0000000008002a98        0x4 Src/DisplayStrategy.o
                0x0000000008002a98                DisplayStrategy::set_backlight(bool)
 .text._ZN15DisplayStrategy14set_enable_pinEb
                0x0000000008002a9c        0x4 Src/DisplayStrategy.o
                0x0000000008002a9c                DisplayStrategy::set_enable_pin(bool)
 .text._ZN15DisplayStrategy20send_number_to_printEiiii
                0x0000000008002aa0       0x26 Src/DisplayStrategy.o
                0x0000000008002aa0                DisplayStrategy::send_number_to_print(int, int, int, int)
 .text._ZN15DisplayStrategy20send_number_to_printEiidi
                0x0000000008002ac6       0x8e Src/DisplayStrategy.o
                0x0000000008002ac6                DisplayStrategy::send_number_to_print(int, int, double, int)
 .text._ZN15DisplayStrategy17set_x_y_nullspaceEii
                0x0000000008002b54        0x6 Src/DisplayStrategy.o
                0x0000000008002b54                DisplayStrategy::set_x_y_nullspace(int, int)
 .text._ZN11LCD_Display5clearEv
                0x0000000008002b5a       0x16 Src/LCD_Display.o
                0x0000000008002b5a                LCD_Display::clear()
 .text._ZN11LCD_Display16LCD_SendInternalEhh
                0x0000000008002b70       0x74 Src/LCD_Display.o
                0x0000000008002b70                LCD_Display::LCD_SendInternal(unsigned char, unsigned char)
 .text._ZN11LCD_Display15LCD_SendCommandEh
                0x0000000008002be4        0xa Src/LCD_Display.o
                0x0000000008002be4                LCD_Display::LCD_SendCommand(unsigned char)
 .text._ZN11LCD_Display7turn_onEv
                0x0000000008002bee       0x1c Src/LCD_Display.o
                0x0000000008002bee                LCD_Display::turn_on()
 .text._ZN11LCD_Display8turn_offEv
                0x0000000008002c0a       0x1a Src/LCD_Display.o
                0x0000000008002c0a                LCD_Display::turn_off()
 .text._ZN11LCD_Display16change_backlightEb
                0x0000000008002c24       0x28 Src/LCD_Display.o
                0x0000000008002c24                LCD_Display::change_backlight(bool)
 .text._ZN11LCD_Display17change_enable_pinEb
                0x0000000008002c4c       0x26 Src/LCD_Display.o
                0x0000000008002c4c                LCD_Display::change_enable_pin(bool)
 .text._ZN11LCD_Display12LCD_SendDataEh
                0x0000000008002c72        0xc Src/LCD_Display.o
                0x0000000008002c72                LCD_Display::LCD_SendData(unsigned char)
 *fill*         0x0000000008002c7e        0x2 
 .text._ZN11LCD_DisplayC2Eh19__I2C_HandleTypeDef
                0x0000000008002c80       0xb0 Src/LCD_Display.o
                0x0000000008002c80                LCD_Display::LCD_Display(unsigned char, __I2C_HandleTypeDef)
                0x0000000008002c80                LCD_Display::LCD_Display(unsigned char, __I2C_HandleTypeDef)
 .text._ZN11LCD_Display10SmallPrintEii
                0x0000000008002d30       0xa0 Src/LCD_Display.o
                0x0000000008002d30                LCD_Display::SmallPrint(int, int)
 .text._ZN11LCD_Display5printEv
                0x0000000008002dd0       0x2c Src/LCD_Display.o
                0x0000000008002dd0                LCD_Display::print()
 .text._ZN11LCD_Display18send_data_to_printEiiPc
                0x0000000008002dfc       0x28 Src/LCD_Display.o
                0x0000000008002dfc                LCD_Display::send_data_to_print(int, int, char*)
 .text._ZN11LCD_Display18send_data_to_printEiic
                0x0000000008002e24       0x1e Src/LCD_Display.o
                0x0000000008002e24                LCD_Display::send_data_to_print(int, int, char)
 .text._ZN13Nokia_Display8turn_offEv
                0x0000000008002e42        0xe Src/Nokia_Display.o
                0x0000000008002e42                Nokia_Display::turn_off()
 .text._ZN13Nokia_Display16change_backlightEb
                0x0000000008002e50       0x24 Src/Nokia_Display.o
                0x0000000008002e50                Nokia_Display::change_backlight(bool)
 .text._ZN13Nokia_Display17change_enable_pinEb
                0x0000000008002e74        0x8 Src/Nokia_Display.o
                0x0000000008002e74                Nokia_Display::change_enable_pin(bool)
 .text._ZN13Nokia_Display4InitEv
                0x0000000008002e7c       0xcc Src/Nokia_Display.o
                0x0000000008002e7c                Nokia_Display::Init()
 .text._ZN13Nokia_DisplayC2EP19__SPI_HandleTypeDeftP12GPIO_TypeDeftS3_tS3_tS3_
                0x0000000008002f48       0x80 Src/Nokia_Display.o
                0x0000000008002f48                Nokia_Display::Nokia_Display(__SPI_HandleTypeDef*, unsigned short, GPIO_TypeDef*, unsigned short, GPIO_TypeDef*, unsigned short, GPIO_TypeDef*, unsigned short, GPIO_TypeDef*)
                0x0000000008002f48                Nokia_Display::Nokia_Display(__SPI_HandleTypeDef*, unsigned short, GPIO_TypeDef*, unsigned short, GPIO_TypeDef*, unsigned short, GPIO_TypeDef*, unsigned short, GPIO_TypeDef*)
 .text._ZN13Nokia_Display7turn_onEv
                0x0000000008002fc8        0x8 Src/Nokia_Display.o
                0x0000000008002fc8                Nokia_Display::turn_on()
 .text._ZN13Nokia_Display13LCD5110_wendlEv
                0x0000000008002fd0       0x80 Src/Nokia_Display.o
                0x0000000008002fd0                Nokia_Display::LCD5110_wendl()
 .text._ZN13Nokia_Display5clearEv
                0x0000000008003050       0x1c Src/Nokia_Display.o
                0x0000000008003050                Nokia_Display::clear()
 .text._ZN13Nokia_Display18send_data_to_printEiiPc
                0x000000000800306c       0x78 Src/Nokia_Display.o
                0x000000000800306c                Nokia_Display::send_data_to_print(int, int, char*)
 .text._ZN13Nokia_Display14LCD5110_putpixEiii
                0x00000000080030e4       0x4a Src/Nokia_Display.o
                0x00000000080030e4                Nokia_Display::LCD5110_putpix(int, int, int)
 .text._ZN13Nokia_Display18LCD5110_drawBitmapEiiPKhiii
                0x000000000800312e       0x78 Src/Nokia_Display.o
                0x000000000800312e                Nokia_Display::LCD5110_drawBitmap(int, int, unsigned char const*, int, int, int)
 *fill*         0x00000000080031a6        0x2 
 .text._ZN13Nokia_Display18send_data_to_printEiic
                0x00000000080031a8       0x70 Src/Nokia_Display.o
                0x00000000080031a8                Nokia_Display::send_data_to_print(int, int, char)
 .text.MX_GPIO_Init
                0x0000000008003218      0x130 Src/gpio.o
                0x0000000008003218                MX_GPIO_Init
 .text.MX_I2C1_Init
                0x0000000008003348       0x68 Src/i2c.o
                0x0000000008003348                MX_I2C1_Init
 .text.HAL_I2C_MspInit
                0x00000000080033b0       0x6c Src/i2c.o
                0x00000000080033b0                HAL_I2C_MspInit
 .text._Error_Handler
                0x000000000800341c        0x2 Src/main.o
                0x000000000800341c                _Error_Handler
 *fill*         0x000000000800341e        0x2 
 .text._Z18SystemClock_Configv
                0x0000000008003420       0x98 Src/main.o
                0x0000000008003420                SystemClock_Config()
 .text.main     0x00000000080034b8      0x148 Src/main.o
                0x00000000080034b8                main
 .text.assert_failed
                0x0000000008003600        0x2 Src/main.o
                0x0000000008003600                assert_failed
 *fill*         0x0000000008003602        0x2 
 .text.MX_SPI2_Init
                0x0000000008003604       0x54 Src/spi.o
                0x0000000008003604                MX_SPI2_Init
 .text.HAL_SPI_MspInit
                0x0000000008003658       0x50 Src/spi.o
                0x0000000008003658                HAL_SPI_MspInit
 .text.HAL_MspInit
                0x00000000080036a8       0x90 Src/stm32f3xx_hal_msp.o
                0x00000000080036a8                HAL_MspInit
 .text.NMI_Handler
                0x0000000008003738        0x2 Src/stm32f3xx_it.o
                0x0000000008003738                NMI_Handler
 .text.HardFault_Handler
                0x000000000800373a        0x2 Src/stm32f3xx_it.o
                0x000000000800373a                HardFault_Handler
 .text.MemManage_Handler
                0x000000000800373c        0x2 Src/stm32f3xx_it.o
                0x000000000800373c                MemManage_Handler
 .text.BusFault_Handler
                0x000000000800373e        0x2 Src/stm32f3xx_it.o
                0x000000000800373e                BusFault_Handler
 .text.UsageFault_Handler
                0x0000000008003740        0x2 Src/stm32f3xx_it.o
                0x0000000008003740                UsageFault_Handler
 .text.SVC_Handler
                0x0000000008003742        0x2 Src/stm32f3xx_it.o
                0x0000000008003742                SVC_Handler
 .text.DebugMon_Handler
                0x0000000008003744        0x2 Src/stm32f3xx_it.o
                0x0000000008003744                DebugMon_Handler
 .text.PendSV_Handler
                0x0000000008003746        0x2 Src/stm32f3xx_it.o
                0x0000000008003746                PendSV_Handler
 .text.SysTick_Handler
                0x0000000008003748        0xc Src/stm32f3xx_it.o
                0x0000000008003748                SysTick_Handler
 .text.SystemInit
                0x0000000008003754       0x68 Src/system_stm32f3xx.o
                0x0000000008003754                SystemInit
 .text.Reset_Handler
                0x00000000080037bc       0x50 startup/startup_stm32f303xc.o
                0x00000000080037bc                Reset_Handler
 .text.Default_Handler
                0x000000000800380c        0x2 startup/startup_stm32f303xc.o
                0x000000000800380c                RTC_Alarm_IRQHandler
                0x000000000800380c                TIM8_TRG_COM_IRQHandler
                0x000000000800380c                TIM8_CC_IRQHandler
                0x000000000800380c                TIM1_CC_IRQHandler
                0x000000000800380c                USB_HP_IRQHandler
                0x000000000800380c                PVD_IRQHandler
                0x000000000800380c                TAMP_STAMP_IRQHandler
                0x000000000800380c                EXTI3_IRQHandler
                0x000000000800380c                USB_HP_CAN_TX_IRQHandler
                0x000000000800380c                EXTI0_IRQHandler
                0x000000000800380c                I2C2_EV_IRQHandler
                0x000000000800380c                FPU_IRQHandler
                0x000000000800380c                TIM1_UP_TIM16_IRQHandler
                0x000000000800380c                ADC1_2_IRQHandler
                0x000000000800380c                SPI1_IRQHandler
                0x000000000800380c                CAN_SCE_IRQHandler
                0x000000000800380c                TIM6_DAC_IRQHandler
                0x000000000800380c                TIM8_UP_IRQHandler
                0x000000000800380c                DMA2_Channel2_IRQHandler
                0x000000000800380c                DMA1_Channel4_IRQHandler
                0x000000000800380c                USART3_IRQHandler
                0x000000000800380c                DMA1_Channel7_IRQHandler
                0x000000000800380c                UART5_IRQHandler
                0x000000000800380c                ADC3_IRQHandler
                0x000000000800380c                TIM4_IRQHandler
                0x000000000800380c                CAN_RX1_IRQHandler
                0x000000000800380c                DMA2_Channel1_IRQHandler
                0x000000000800380c                I2C1_EV_IRQHandler
                0x000000000800380c                DMA1_Channel6_IRQHandler
                0x000000000800380c                UART4_IRQHandler
                0x000000000800380c                DMA2_Channel4_IRQHandler
                0x000000000800380c                TIM3_IRQHandler
                0x000000000800380c                RCC_IRQHandler
                0x000000000800380c                DMA1_Channel1_IRQHandler
                0x000000000800380c                Default_Handler
                0x000000000800380c                USBWakeUp_RMP_IRQHandler
                0x000000000800380c                EXTI15_10_IRQHandler
                0x000000000800380c                TIM7_IRQHandler
                0x000000000800380c                EXTI9_5_IRQHandler
                0x000000000800380c                RTC_WKUP_IRQHandler
                0x000000000800380c                SPI2_IRQHandler
                0x000000000800380c                USB_LP_CAN_RX0_IRQHandler
                0x000000000800380c                DMA2_Channel5_IRQHandler
                0x000000000800380c                DMA1_Channel5_IRQHandler
                0x000000000800380c                USB_LP_IRQHandler
                0x000000000800380c                EXTI4_IRQHandler
                0x000000000800380c                TIM1_TRG_COM_TIM17_IRQHandler
                0x000000000800380c                DMA1_Channel3_IRQHandler
                0x000000000800380c                ADC4_IRQHandler
                0x000000000800380c                WWDG_IRQHandler
                0x000000000800380c                TIM2_IRQHandler
                0x000000000800380c                COMP7_IRQHandler
                0x000000000800380c                COMP1_2_3_IRQHandler
                0x000000000800380c                EXTI1_IRQHandler
                0x000000000800380c                USART2_IRQHandler
                0x000000000800380c                COMP4_5_6_IRQHandler
                0x000000000800380c                I2C2_ER_IRQHandler
                0x000000000800380c                DMA1_Channel2_IRQHandler
                0x000000000800380c                TIM8_BRK_IRQHandler
                0x000000000800380c                FLASH_IRQHandler
                0x000000000800380c                USART1_IRQHandler
                0x000000000800380c                SPI3_IRQHandler
                0x000000000800380c                I2C1_ER_IRQHandler
                0x000000000800380c                USBWakeUp_IRQHandler
                0x000000000800380c                DMA2_Channel3_IRQHandler
                0x000000000800380c                EXTI2_TSC_IRQHandler
                0x000000000800380c                TIM1_BRK_TIM15_IRQHandler
 .text._Znwj    0x000000000800380e       0x22 /home/popenyuk/Programs/SystemWorkbench/plugins/fr.ac6.mcu.externaltools.arm-none.linux64_1.17.0.201812190825/tools/compiler/bin/../lib/gcc/arm-none-eabi/7.3.1/../../../../arm-none-eabi/lib/thumb/v7e-m/fpv4-sp/hard/libstdc++_nano.a(new_op.o)
                0x000000000800380e                operator new(unsigned int)
 .text._ZSt15get_new_handlerv
                0x0000000008003830       0x10 /home/popenyuk/Programs/SystemWorkbench/plugins/fr.ac6.mcu.externaltools.arm-none.linux64_1.17.0.201812190825/tools/compiler/bin/../lib/gcc/arm-none-eabi/7.3.1/../../../../arm-none-eabi/lib/thumb/v7e-m/fpv4-sp/hard/libstdc++_nano.a(new_handler.o)
                0x0000000008003830                std::get_new_handler()
 .text.abort    0x0000000008003840        0xe /home/popenyuk/Programs/SystemWorkbench/plugins/fr.ac6.mcu.externaltools.arm-none.linux64_1.17.0.201812190825/tools/compiler/bin/../lib/gcc/arm-none-eabi/7.3.1/../../../../arm-none-eabi/lib/thumb/v7e-m/fpv4-sp/hard/libc_nano.a(lib_a-abort.o)
                0x0000000008003840                abort
 *fill*         0x000000000800384e        0x2 
 .text.__libc_init_array
                0x0000000008003850       0x48 /home/popenyuk/Programs/SystemWorkbench/plugins/fr.ac6.mcu.externaltools.arm-none.linux64_1.17.0.201812190825/tools/compiler/bin/../lib/gcc/arm-none-eabi/7.3.1/../../../../arm-none-eabi/lib/thumb/v7e-m/fpv4-sp/hard/libc_nano.a(lib_a-init.o)
                0x0000000008003850                __libc_init_array
 .text.isspace  0x0000000008003898       0x12 /home/popenyuk/Programs/SystemWorkbench/plugins/fr.ac6.mcu.externaltools.arm-none.linux64_1.17.0.201812190825/tools/compiler/bin/../lib/gcc/arm-none-eabi/7.3.1/../../../../arm-none-eabi/lib/thumb/v7e-m/fpv4-sp/hard/libc_nano.a(lib_a-isspace.o)
                0x0000000008003898                isspace
 .text.__itoa   0x00000000080038aa       0x30 /home/popenyuk/Programs/SystemWorkbench/plugins/fr.ac6.mcu.externaltools.arm-none.linux64_1.17.0.201812190825/tools/compiler/bin/../lib/gcc/arm-none-eabi/7.3.1/../../../../arm-none-eabi/lib/thumb/v7e-m/fpv4-sp/hard/libc_nano.a(lib_a-itoa.o)
                0x00000000080038aa                __itoa
 .text.itoa     0x00000000080038da        0x4 /home/popenyuk/Programs/SystemWorkbench/plugins/fr.ac6.mcu.externaltools.arm-none.linux64_1.17.0.201812190825/tools/compiler/bin/../lib/gcc/arm-none-eabi/7.3.1/../../../../arm-none-eabi/lib/thumb/v7e-m/fpv4-sp/hard/libc_nano.a(lib_a-itoa.o)
                0x00000000080038da                itoa
 *fill*         0x00000000080038de        0x2 
 .text.__locale_ctype_ptr
                0x00000000080038e0       0x1c /home/popenyuk/Programs/SystemWorkbench/plugins/fr.ac6.mcu.externaltools.arm-none.linux64_1.17.0.201812190825/tools/compiler/bin/../lib/gcc/arm-none-eabi/7.3.1/../../../../arm-none-eabi/lib/thumb/v7e-m/fpv4-sp/hard/libc_nano.a(lib_a-locale.o)
                0x00000000080038e0                __locale_ctype_ptr
 .text.malloc   0x00000000080038fc       0x10 /home/popenyuk/Programs/SystemWorkbench/plugins/fr.ac6.mcu.externaltools.arm-none.linux64_1.17.0.201812190825/tools/compiler/bin/../lib/gcc/arm-none-eabi/7.3.1/../../../../arm-none-eabi/lib/thumb/v7e-m/fpv4-sp/hard/libc_nano.a(lib_a-malloc.o)
                0x00000000080038fc                malloc
 .text.__ascii_mbtowc
                0x000000000800390c       0x24 /home/popenyuk/Programs/SystemWorkbench/plugins/fr.ac6.mcu.externaltools.arm-none.linux64_1.17.0.201812190825/tools/compiler/bin/../lib/gcc/arm-none-eabi/7.3.1/../../../../arm-none-eabi/lib/thumb/v7e-m/fpv4-sp/hard/libc_nano.a(lib_a-mbtowc_r.o)
                0x000000000800390c                __ascii_mbtowc
 .text.memcpy   0x0000000008003930       0x16 /home/popenyuk/Programs/SystemWorkbench/plugins/fr.ac6.mcu.externaltools.arm-none.linux64_1.17.0.201812190825/tools/compiler/bin/../lib/gcc/arm-none-eabi/7.3.1/../../../../arm-none-eabi/lib/thumb/v7e-m/fpv4-sp/hard/libc_nano.a(lib_a-memcpy-stub.o)
                0x0000000008003930                memcpy
 .text.memset   0x0000000008003946       0x10 /home/popenyuk/Programs/SystemWorkbench/plugins/fr.ac6.mcu.externaltools.arm-none.linux64_1.17.0.201812190825/tools/compiler/bin/../lib/gcc/arm-none-eabi/7.3.1/../../../../arm-none-eabi/lib/thumb/v7e-m/fpv4-sp/hard/libc_nano.a(lib_a-memset.o)
                0x0000000008003946                memset
 *fill*         0x0000000008003956        0x2 
 .text._malloc_r
                0x0000000008003958       0xb4 /home/popenyuk/Programs/SystemWorkbench/plugins/fr.ac6.mcu.externaltools.arm-none.linux64_1.17.0.201812190825/tools/compiler/bin/../lib/gcc/arm-none-eabi/7.3.1/../../../../arm-none-eabi/lib/thumb/v7e-m/fpv4-sp/hard/libc_nano.a(lib_a-nano-mallocr.o)
                0x0000000008003958                _malloc_r
 .text._sbrk_r  0x0000000008003a0c       0x20 /home/popenyuk/Programs/SystemWorkbench/plugins/fr.ac6.mcu.externaltools.arm-none.linux64_1.17.0.201812190825/tools/compiler/bin/../lib/gcc/arm-none-eabi/7.3.1/../../../../arm-none-eabi/lib/thumb/v7e-m/fpv4-sp/hard/libc_nano.a(lib_a-sbrkr.o)
                0x0000000008003a0c                _sbrk_r
 .text._raise_r
                0x0000000008003a2c       0x50 /home/popenyuk/Programs/SystemWorkbench/plugins/fr.ac6.mcu.externaltools.arm-none.linux64_1.17.0.201812190825/tools/compiler/bin/../lib/gcc/arm-none-eabi/7.3.1/../../../../arm-none-eabi/lib/thumb/v7e-m/fpv4-sp/hard/libc_nano.a(lib_a-signal.o)
                0x0000000008003a2c                _raise_r
 .text.raise    0x0000000008003a7c       0x10 /home/popenyuk/Programs/SystemWorkbench/plugins/fr.ac6.mcu.externaltools.arm-none.linux64_1.17.0.201812190825/tools/compiler/bin/../lib/gcc/arm-none-eabi/7.3.1/../../../../arm-none-eabi/lib/thumb/v7e-m/fpv4-sp/hard/libc_nano.a(lib_a-signal.o)
                0x0000000008003a7c                raise
 .text._kill_r  0x0000000008003a8c       0x24 /home/popenyuk/Programs/SystemWorkbench/plugins/fr.ac6.mcu.externaltools.arm-none.linux64_1.17.0.201812190825/tools/compiler/bin/../lib/gcc/arm-none-eabi/7.3.1/../../../../arm-none-eabi/lib/thumb/v7e-m/fpv4-sp/hard/libc_nano.a(lib_a-signalr.o)
                0x0000000008003a8c                _kill_r
 .text._getpid_r
                0x0000000008003ab0        0x4 /home/popenyuk/Programs/SystemWorkbench/plugins/fr.ac6.mcu.externaltools.arm-none.linux64_1.17.0.201812190825/tools/compiler/bin/../lib/gcc/arm-none-eabi/7.3.1/../../../../arm-none-eabi/lib/thumb/v7e-m/fpv4-sp/hard/libc_nano.a(lib_a-signalr.o)
                0x0000000008003ab0                _getpid_r
 .text.__utoa   0x0000000008003ab4       0x7c /home/popenyuk/Programs/SystemWorkbench/plugins/fr.ac6.mcu.externaltools.arm-none.linux64_1.17.0.201812190825/tools/compiler/bin/../lib/gcc/arm-none-eabi/7.3.1/../../../../arm-none-eabi/lib/thumb/v7e-m/fpv4-sp/hard/libc_nano.a(lib_a-utoa.o)
                0x0000000008003ab4                __utoa
 .text.__ascii_wctomb
                0x0000000008003b30       0x1a /home/popenyuk/Programs/SystemWorkbench/plugins/fr.ac6.mcu.externaltools.arm-none.linux64_1.17.0.201812190825/tools/compiler/bin/../lib/gcc/arm-none-eabi/7.3.1/../../../../arm-none-eabi/lib/thumb/v7e-m/fpv4-sp/hard/libc_nano.a(lib_a-wctomb_r.o)
                0x0000000008003b30                __ascii_wctomb
 .text.__malloc_lock
                0x0000000008003b4a        0x2 /home/popenyuk/Programs/SystemWorkbench/plugins/fr.ac6.mcu.externaltools.arm-none.linux64_1.17.0.201812190825/tools/compiler/bin/../lib/gcc/arm-none-eabi/7.3.1/../../../../arm-none-eabi/lib/thumb/v7e-m/fpv4-sp/hard/libc_nano.a(lib_a-mlock.o)
                0x0000000008003b4a                __malloc_lock
 .text.__malloc_unlock
                0x0000000008003b4c        0x2 /home/popenyuk/Programs/SystemWorkbench/plugins/fr.ac6.mcu.externaltools.arm-none.linux64_1.17.0.201812190825/tools/compiler/bin/../lib/gcc/arm-none-eabi/7.3.1/../../../../arm-none-eabi/lib/thumb/v7e-m/fpv4-sp/hard/libc_nano.a(lib_a-mlock.o)
                0x0000000008003b4c                __malloc_unlock
 *fill*         0x0000000008003b4e        0x2 
 .text._getpid  0x0000000008003b50       0x10 /home/popenyuk/Programs/SystemWorkbench/plugins/fr.ac6.mcu.externaltools.arm-none.linux64_1.17.0.201812190825/tools/compiler/bin/../lib/gcc/arm-none-eabi/7.3.1/../../../../arm-none-eabi/lib/thumb/v7e-m/fpv4-sp/hard/libnosys.a(getpid.o)
                0x0000000008003b50                _getpid
 .text._kill    0x0000000008003b60       0x10 /home/popenyuk/Programs/SystemWorkbench/plugins/fr.ac6.mcu.externaltools.arm-none.linux64_1.17.0.201812190825/tools/compiler/bin/../lib/gcc/arm-none-eabi/7.3.1/../../../../arm-none-eabi/lib/thumb/v7e-m/fpv4-sp/hard/libnosys.a(kill.o)
                0x0000000008003b60                _kill
 .text._sbrk    0x0000000008003b70       0x1c /home/popenyuk/Programs/SystemWorkbench/plugins/fr.ac6.mcu.externaltools.arm-none.linux64_1.17.0.201812190825/tools/compiler/bin/../lib/gcc/arm-none-eabi/7.3.1/../../../../arm-none-eabi/lib/thumb/v7e-m/fpv4-sp/hard/libnosys.a(sbrk.o)
                0x0000000008003b70                _sbrk
 .text._exit    0x0000000008003b8c        0x4 /home/popenyuk/Programs/SystemWorkbench/plugins/fr.ac6.mcu.externaltools.arm-none.linux64_1.17.0.201812190825/tools/compiler/bin/../lib/gcc/arm-none-eabi/7.3.1/../../../../arm-none-eabi/lib/thumb/v7e-m/fpv4-sp/hard/libnosys.a(_exit.o)
                0x0000000008003b8c                _exit
 *(.glue_7)
 .glue_7        0x0000000008003b90        0x0 linker stubs
 *(.glue_7t)
 .glue_7t       0x0000000008003b90        0x0 linker stubs
 *(.eh_frame)
 .eh_frame      0x0000000008003b90        0x0 /home/popenyuk/Programs/SystemWorkbench/plugins/fr.ac6.mcu.externaltools.arm-none.linux64_1.17.0.201812190825/tools/compiler/bin/../lib/gcc/arm-none-eabi/7.3.1/thumb/v7e-m/fpv4-sp/hard/crtbegin.o
 *(.init)
 .init          0x0000000008003b90        0x4 /home/popenyuk/Programs/SystemWorkbench/plugins/fr.ac6.mcu.externaltools.arm-none.linux64_1.17.0.201812190825/tools/compiler/bin/../lib/gcc/arm-none-eabi/7.3.1/thumb/v7e-m/fpv4-sp/hard/crti.o
                0x0000000008003b90                _init
 .init          0x0000000008003b94        0x8 /home/popenyuk/Programs/SystemWorkbench/plugins/fr.ac6.mcu.externaltools.arm-none.linux64_1.17.0.201812190825/tools/compiler/bin/../lib/gcc/arm-none-eabi/7.3.1/thumb/v7e-m/fpv4-sp/hard/crtn.o
 *(.fini)
 .fini          0x0000000008003b9c        0x4 /home/popenyuk/Programs/SystemWorkbench/plugins/fr.ac6.mcu.externaltools.arm-none.linux64_1.17.0.201812190825/tools/compiler/bin/../lib/gcc/arm-none-eabi/7.3.1/thumb/v7e-m/fpv4-sp/hard/crti.o
                0x0000000008003b9c                _fini
 .fini          0x0000000008003ba0        0x8 /home/popenyuk/Programs/SystemWorkbench/plugins/fr.ac6.mcu.externaltools.arm-none.linux64_1.17.0.201812190825/tools/compiler/bin/../lib/gcc/arm-none-eabi/7.3.1/thumb/v7e-m/fpv4-sp/hard/crtn.o
                0x0000000008003ba8                . = ALIGN (0x4)
                0x0000000008003ba8                _etext = .

.vfp11_veneer   0x0000000008003ba8        0x0
 .vfp11_veneer  0x0000000008003ba8        0x0 linker stubs

.v4_bx          0x0000000008003ba8        0x0
 .v4_bx         0x0000000008003ba8        0x0 linker stubs

.iplt           0x0000000008003ba8        0x0
 .iplt          0x0000000008003ba8        0x0 /home/popenyuk/Programs/SystemWorkbench/plugins/fr.ac6.mcu.externaltools.arm-none.linux64_1.17.0.201812190825/tools/compiler/bin/../lib/gcc/arm-none-eabi/7.3.1/thumb/v7e-m/fpv4-sp/hard/crtbegin.o

.rodata         0x0000000008003ba8      0x9f4
                0x0000000008003ba8                . = ALIGN (0x4)
 *(.rodata)
 .rodata        0x0000000008003ba8       0x20 Drivers/STM32F3xx_HAL_Driver/Src/stm32f3xx_hal_rcc.o
                0x0000000008003ba8                aPLLMULFactorTable
                0x0000000008003bb8                aPredivFactorTable
 .rodata        0x0000000008003bc8       0x24 Src/LCD_Display.o
                0x0000000008003bc8                vtable for LCD_Display
 .rodata        0x0000000008003bec      0x634 Src/Nokia_Display.o
                0x0000000008003bec                vtable for Nokia_Display
 .rodata        0x0000000008004220       0x18 Src/system_stm32f3xx.o
                0x0000000008004220                AHBPrescTable
                0x0000000008004230                APBPrescTable
 *(.rodata*)
 .rodata.str1.4
                0x0000000008004238       0x3b Drivers/STM32F3xx_HAL_Driver/Src/stm32f3xx_hal_cortex.o
 *fill*         0x0000000008004273        0x1 
 .rodata.str1.4
                0x0000000008004274       0x39 Drivers/STM32F3xx_HAL_Driver/Src/stm32f3xx_hal_gpio.o
 *fill*         0x00000000080042ad        0x3 
 .rodata.str1.4
                0x00000000080042b0       0x38 Drivers/STM32F3xx_HAL_Driver/Src/stm32f3xx_hal_i2c.o
 .rodata.str1.4
                0x00000000080042e8       0x3b Drivers/STM32F3xx_HAL_Driver/Src/stm32f3xx_hal_i2c_ex.o
 *fill*         0x0000000008004323        0x1 
 .rodata.str1.4
                0x0000000008004324       0x38 Drivers/STM32F3xx_HAL_Driver/Src/stm32f3xx_hal_rcc.o
 .rodata.str1.4
                0x000000000800435c       0x3b Drivers/STM32F3xx_HAL_Driver/Src/stm32f3xx_hal_rcc_ex.o
 *fill*         0x0000000008004397        0x1 
 .rodata.str1.4
                0x0000000008004398       0x38 Drivers/STM32F3xx_HAL_Driver/Src/stm32f3xx_hal_spi.o
 .rodata.str1.4
                0x00000000080043d0        0xd Src/i2c.o
 *fill*         0x00000000080043dd        0x3 
 .rodata.str1.4
                0x00000000080043e0       0x1c Src/main.o
 .rodata.str1.4
                0x00000000080043fc       0x10 Src/spi.o
                                          0xd (size before relaxing)
 .rodata._setlocale_r.str1.1
                0x000000000800440c        0x8 /home/popenyuk/Programs/SystemWorkbench/plugins/fr.ac6.mcu.externaltools.arm-none.linux64_1.17.0.201812190825/tools/compiler/bin/../lib/gcc/arm-none-eabi/7.3.1/../../../../arm-none-eabi/lib/thumb/v7e-m/fpv4-sp/hard/libc_nano.a(lib_a-locale.o)
                                          0x9 (size before relaxing)
 .rodata.str1.1
                0x0000000008004414        0x2 /home/popenyuk/Programs/SystemWorkbench/plugins/fr.ac6.mcu.externaltools.arm-none.linux64_1.17.0.201812190825/tools/compiler/bin/../lib/gcc/arm-none-eabi/7.3.1/../../../../arm-none-eabi/lib/thumb/v7e-m/fpv4-sp/hard/libc_nano.a(lib_a-locale.o)
 .rodata.__utoa.str1.1
                0x0000000008004416       0x25 /home/popenyuk/Programs/SystemWorkbench/plugins/fr.ac6.mcu.externaltools.arm-none.linux64_1.17.0.201812190825/tools/compiler/bin/../lib/gcc/arm-none-eabi/7.3.1/../../../../arm-none-eabi/lib/thumb/v7e-m/fpv4-sp/hard/libc_nano.a(lib_a-utoa.o)
 .rodata._ctype_
                0x000000000800443b      0x101 /home/popenyuk/Programs/SystemWorkbench/plugins/fr.ac6.mcu.externaltools.arm-none.linux64_1.17.0.201812190825/tools/compiler/bin/../lib/gcc/arm-none-eabi/7.3.1/../../../../arm-none-eabi/lib/thumb/v7e-m/fpv4-sp/hard/libc_nano.a(lib_a-ctype_.o)
                0x000000000800443b                _ctype_
 .rodata.__sf_fake_stderr
                0x000000000800453c       0x20 /home/popenyuk/Programs/SystemWorkbench/plugins/fr.ac6.mcu.externaltools.arm-none.linux64_1.17.0.201812190825/tools/compiler/bin/../lib/gcc/arm-none-eabi/7.3.1/../../../../arm-none-eabi/lib/thumb/v7e-m/fpv4-sp/hard/libc_nano.a(lib_a-findfp.o)
                0x000000000800453c                __sf_fake_stderr
 .rodata.__sf_fake_stdin
                0x000000000800455c       0x20 /home/popenyuk/Programs/SystemWorkbench/plugins/fr.ac6.mcu.externaltools.arm-none.linux64_1.17.0.201812190825/tools/compiler/bin/../lib/gcc/arm-none-eabi/7.3.1/../../../../arm-none-eabi/lib/thumb/v7e-m/fpv4-sp/hard/libc_nano.a(lib_a-findfp.o)
                0x000000000800455c                __sf_fake_stdin
 .rodata.__sf_fake_stdout
                0x000000000800457c       0x20 /home/popenyuk/Programs/SystemWorkbench/plugins/fr.ac6.mcu.externaltools.arm-none.linux64_1.17.0.201812190825/tools/compiler/bin/../lib/gcc/arm-none-eabi/7.3.1/../../../../arm-none-eabi/lib/thumb/v7e-m/fpv4-sp/hard/libc_nano.a(lib_a-findfp.o)
                0x000000000800457c                __sf_fake_stdout
                0x000000000800459c                . = ALIGN (0x4)

.rel.dyn        0x000000000800459c        0x0
 .rel.iplt      0x000000000800459c        0x0 /home/popenyuk/Programs/SystemWorkbench/plugins/fr.ac6.mcu.externaltools.arm-none.linux64_1.17.0.201812190825/tools/compiler/bin/../lib/gcc/arm-none-eabi/7.3.1/thumb/v7e-m/fpv4-sp/hard/crtbegin.o

.ARM.extab
 *(.ARM.extab* .gnu.linkonce.armextab.*)

.ARM            0x000000000800459c        0x0
                0x000000000800459c                __exidx_start = .
 *(.ARM.exidx*)
                0x000000000800459c                __exidx_end = .

.preinit_array  0x000000000800459c        0x0
                0x000000000800459c                PROVIDE (__preinit_array_start = .)
 *(.preinit_array*)
                0x000000000800459c                PROVIDE (__preinit_array_end = .)

.init_array     0x000000000800459c        0x4
                0x000000000800459c                PROVIDE (__init_array_start = .)
 *(SORT_BY_NAME(.init_array.*))
 *(.init_array*)
 .init_array    0x000000000800459c        0x4 /home/popenyuk/Programs/SystemWorkbench/plugins/fr.ac6.mcu.externaltools.arm-none.linux64_1.17.0.201812190825/tools/compiler/bin/../lib/gcc/arm-none-eabi/7.3.1/thumb/v7e-m/fpv4-sp/hard/crtbegin.o
                0x00000000080045a0                PROVIDE (__init_array_end = .)

.fini_array     0x00000000080045a0        0x4
                [!provide]                        PROVIDE (__fini_array_start = .)
 *(SORT_BY_NAME(.fini_array.*))
 *(.fini_array*)
 .fini_array    0x00000000080045a0        0x4 /home/popenyuk/Programs/SystemWorkbench/plugins/fr.ac6.mcu.externaltools.arm-none.linux64_1.17.0.201812190825/tools/compiler/bin/../lib/gcc/arm-none-eabi/7.3.1/thumb/v7e-m/fpv4-sp/hard/crtbegin.o
                [!provide]                        PROVIDE (__fini_array_end = .)
                0x00000000080045a4                _sidata = LOADADDR (.data)

.data           0x0000000020000000      0x1dc load address 0x00000000080045a4
                0x0000000020000000                . = ALIGN (0x4)
                0x0000000020000000                _sdata = .
 *(.data)
 .data          0x0000000020000000        0x8 Drivers/STM32F3xx_HAL_Driver/Src/stm32f3xx_hal.o
                0x0000000020000000                uwTickFreq
                0x0000000020000004                uwTickPrio
 .data          0x0000000020000008        0x4 Src/system_stm32f3xx.o
                0x0000000020000008                SystemCoreClock
 *(.data*)
 .data._impure_ptr
                0x000000002000000c        0x4 /home/popenyuk/Programs/SystemWorkbench/plugins/fr.ac6.mcu.externaltools.arm-none.linux64_1.17.0.201812190825/tools/compiler/bin/../lib/gcc/arm-none-eabi/7.3.1/../../../../arm-none-eabi/lib/thumb/v7e-m/fpv4-sp/hard/libc_nano.a(lib_a-impure.o)
                0x000000002000000c                _impure_ptr
 .data.impure_data
                0x0000000020000010       0x60 /home/popenyuk/Programs/SystemWorkbench/plugins/fr.ac6.mcu.externaltools.arm-none.linux64_1.17.0.201812190825/tools/compiler/bin/../lib/gcc/arm-none-eabi/7.3.1/../../../../arm-none-eabi/lib/thumb/v7e-m/fpv4-sp/hard/libc_nano.a(lib_a-impure.o)
 .data.__global_locale
                0x0000000020000070      0x16c /home/popenyuk/Programs/SystemWorkbench/plugins/fr.ac6.mcu.externaltools.arm-none.linux64_1.17.0.201812190825/tools/compiler/bin/../lib/gcc/arm-none-eabi/7.3.1/../../../../arm-none-eabi/lib/thumb/v7e-m/fpv4-sp/hard/libc_nano.a(lib_a-locale.o)
                0x0000000020000070                __global_locale
                0x00000000200001dc                . = ALIGN (0x4)
                0x00000000200001dc                _edata = .
                0x0000000008004780                _siccmram = LOADADDR (.ccmram)

.igot.plt       0x00000000200001dc        0x0 load address 0x0000000008004780
 .igot.plt      0x00000000200001dc        0x0 /home/popenyuk/Programs/SystemWorkbench/plugins/fr.ac6.mcu.externaltools.arm-none.linux64_1.17.0.201812190825/tools/compiler/bin/../lib/gcc/arm-none-eabi/7.3.1/thumb/v7e-m/fpv4-sp/hard/crtbegin.o

.ccmram         0x0000000010000000        0x0 load address 0x0000000008004780
                0x0000000010000000                . = ALIGN (0x4)
                0x0000000010000000                _sccmram = .
 *(.ccmram)
 *(.ccmram*)
                0x0000000010000000                . = ALIGN (0x4)
                0x0000000010000000                _eccmram = .
                0x0000000010000000                . = ALIGN (0x4)

.bss            0x00000000200001dc       0xe4
                0x00000000200001dc                _sbss = .
                0x00000000200001dc                __bss_start__ = _sbss
 *(.bss)
 .bss           0x00000000200001dc       0x1c /home/popenyuk/Programs/SystemWorkbench/plugins/fr.ac6.mcu.externaltools.arm-none.linux64_1.17.0.201812190825/tools/compiler/bin/../lib/gcc/arm-none-eabi/7.3.1/thumb/v7e-m/fpv4-sp/hard/crtbegin.o
 *(.bss*)
 .bss._ZN12_GLOBAL__N_113__new_handlerE
                0x00000000200001f8        0x4 /home/popenyuk/Programs/SystemWorkbench/plugins/fr.ac6.mcu.externaltools.arm-none.linux64_1.17.0.201812190825/tools/compiler/bin/../lib/gcc/arm-none-eabi/7.3.1/../../../../arm-none-eabi/lib/thumb/v7e-m/fpv4-sp/hard/libstdc++_nano.a(new_handler.o)
 .bss.__malloc_free_list
                0x00000000200001fc        0x4 /home/popenyuk/Programs/SystemWorkbench/plugins/fr.ac6.mcu.externaltools.arm-none.linux64_1.17.0.201812190825/tools/compiler/bin/../lib/gcc/arm-none-eabi/7.3.1/../../../../arm-none-eabi/lib/thumb/v7e-m/fpv4-sp/hard/libc_nano.a(lib_a-nano-mallocr.o)
                0x00000000200001fc                __malloc_free_list
 .bss.__malloc_sbrk_start
                0x0000000020000200        0x4 /home/popenyuk/Programs/SystemWorkbench/plugins/fr.ac6.mcu.externaltools.arm-none.linux64_1.17.0.201812190825/tools/compiler/bin/../lib/gcc/arm-none-eabi/7.3.1/../../../../arm-none-eabi/lib/thumb/v7e-m/fpv4-sp/hard/libc_nano.a(lib_a-nano-mallocr.o)
                0x0000000020000200                __malloc_sbrk_start
 .bss.heap_end.5377
                0x0000000020000204        0x4 /home/popenyuk/Programs/SystemWorkbench/plugins/fr.ac6.mcu.externaltools.arm-none.linux64_1.17.0.201812190825/tools/compiler/bin/../lib/gcc/arm-none-eabi/7.3.1/../../../../arm-none-eabi/lib/thumb/v7e-m/fpv4-sp/hard/libnosys.a(sbrk.o)
 *(COMMON)
 COMMON         0x0000000020000208        0x4 Drivers/STM32F3xx_HAL_Driver/Src/stm32f3xx_hal.o
                0x0000000020000208                uwTick
 COMMON         0x000000002000020c       0x4c Src/i2c.o
                0x000000002000020c                hi2c1
 COMMON         0x0000000020000258       0x64 Src/spi.o
                0x0000000020000258                hspi2
 COMMON         0x00000000200002bc        0x4 /home/popenyuk/Programs/SystemWorkbench/plugins/fr.ac6.mcu.externaltools.arm-none.linux64_1.17.0.201812190825/tools/compiler/bin/../lib/gcc/arm-none-eabi/7.3.1/../../../../arm-none-eabi/lib/thumb/v7e-m/fpv4-sp/hard/libc_nano.a(lib_a-reent.o)
                0x00000000200002bc                errno
                0x00000000200002c0                . = ALIGN (0x4)
                0x00000000200002c0                _ebss = .
                0x00000000200002c0                __bss_end__ = _ebss

._user_heap_stack
                0x00000000200002c0      0x600
                0x00000000200002c0                . = ALIGN (0x8)
                0x00000000200002c0                PROVIDE (end = .)
                [!provide]                        PROVIDE (_end = .)
                0x00000000200004c0                . = (. + _Min_Heap_Size)
 *fill*         0x00000000200002c0      0x200 
                0x00000000200008c0                . = (. + _Min_Stack_Size)
 *fill*         0x00000000200004c0      0x400 
                0x00000000200008c0                . = ALIGN (0x8)

/DISCARD/
 libc.a(*)
 libm.a(*)
 libgcc.a(*)

.ARM.attributes
                0x0000000000000000       0x30
 *(.ARM.attributes)
 .ARM.attributes
                0x0000000000000000       0x22 /home/popenyuk/Programs/SystemWorkbench/plugins/fr.ac6.mcu.externaltools.arm-none.linux64_1.17.0.201812190825/tools/compiler/bin/../lib/gcc/arm-none-eabi/7.3.1/thumb/v7e-m/fpv4-sp/hard/crti.o
 .ARM.attributes
                0x0000000000000022       0x34 /home/popenyuk/Programs/SystemWorkbench/plugins/fr.ac6.mcu.externaltools.arm-none.linux64_1.17.0.201812190825/tools/compiler/bin/../lib/gcc/arm-none-eabi/7.3.1/thumb/v7e-m/fpv4-sp/hard/crtbegin.o
 .ARM.attributes
                0x0000000000000056       0x39 Drivers/STM32F3xx_HAL_Driver/Src/stm32f3xx_hal.o
 .ARM.attributes
                0x000000000000008f       0x39 Drivers/STM32F3xx_HAL_Driver/Src/stm32f3xx_hal_cortex.o
 .ARM.attributes
                0x00000000000000c8       0x39 Drivers/STM32F3xx_HAL_Driver/Src/stm32f3xx_hal_gpio.o
 .ARM.attributes
                0x0000000000000101       0x39 Drivers/STM32F3xx_HAL_Driver/Src/stm32f3xx_hal_i2c.o
 .ARM.attributes
                0x000000000000013a       0x39 Drivers/STM32F3xx_HAL_Driver/Src/stm32f3xx_hal_i2c_ex.o
 .ARM.attributes
                0x0000000000000173       0x39 Drivers/STM32F3xx_HAL_Driver/Src/stm32f3xx_hal_rcc.o
 .ARM.attributes
                0x00000000000001ac       0x39 Drivers/STM32F3xx_HAL_Driver/Src/stm32f3xx_hal_rcc_ex.o
 .ARM.attributes
                0x00000000000001e5       0x39 Drivers/STM32F3xx_HAL_Driver/Src/stm32f3xx_hal_spi.o
 .ARM.attributes
                0x000000000000021e       0x39 Src/DisplayStrategy.o
 .ARM.attributes
                0x0000000000000257       0x39 Src/LCD_Display.o
 .ARM.attributes
                0x0000000000000290       0x39 Src/Nokia_Display.o
 .ARM.attributes
                0x00000000000002c9       0x39 Src/gpio.o
 .ARM.attributes
                0x0000000000000302       0x39 Src/i2c.o
 .ARM.attributes
                0x000000000000033b       0x39 Src/main.o
 .ARM.attributes
                0x0000000000000374       0x39 Src/spi.o
 .ARM.attributes
                0x00000000000003ad       0x39 Src/stm32f3xx_hal_msp.o
 .ARM.attributes
                0x00000000000003e6       0x39 Src/stm32f3xx_it.o
 .ARM.attributes
                0x000000000000041f       0x39 Src/system_stm32f3xx.o
 .ARM.attributes
                0x0000000000000458       0x21 startup/startup_stm32f303xc.o
 .ARM.attributes
                0x0000000000000479       0x34 /home/popenyuk/Programs/SystemWorkbench/plugins/fr.ac6.mcu.externaltools.arm-none.linux64_1.17.0.201812190825/tools/compiler/bin/../lib/gcc/arm-none-eabi/7.3.1/../../../../arm-none-eabi/lib/thumb/v7e-m/fpv4-sp/hard/libstdc++_nano.a(new_op.o)
 .ARM.attributes
                0x00000000000004ad       0x34 /home/popenyuk/Programs/SystemWorkbench/plugins/fr.ac6.mcu.externaltools.arm-none.linux64_1.17.0.201812190825/tools/compiler/bin/../lib/gcc/arm-none-eabi/7.3.1/../../../../arm-none-eabi/lib/thumb/v7e-m/fpv4-sp/hard/libstdc++_nano.a(new_handler.o)
 .ARM.attributes
                0x00000000000004e1       0x22 /home/popenyuk/Programs/SystemWorkbench/plugins/fr.ac6.mcu.externaltools.arm-none.linux64_1.17.0.201812190825/tools/compiler/bin/../lib/gcc/arm-none-eabi/7.3.1/thumb/v7e-m/fpv4-sp/hard/libgcc.a(_arm_addsubdf3.o)
 .ARM.attributes
                0x0000000000000503       0x22 /home/popenyuk/Programs/SystemWorkbench/plugins/fr.ac6.mcu.externaltools.arm-none.linux64_1.17.0.201812190825/tools/compiler/bin/../lib/gcc/arm-none-eabi/7.3.1/thumb/v7e-m/fpv4-sp/hard/libgcc.a(_arm_muldivdf3.o)
 .ARM.attributes
                0x0000000000000525       0x22 /home/popenyuk/Programs/SystemWorkbench/plugins/fr.ac6.mcu.externaltools.arm-none.linux64_1.17.0.201812190825/tools/compiler/bin/../lib/gcc/arm-none-eabi/7.3.1/thumb/v7e-m/fpv4-sp/hard/libgcc.a(_arm_fixdfsi.o)
 .ARM.attributes
                0x0000000000000547       0x34 /home/popenyuk/Programs/SystemWorkbench/plugins/fr.ac6.mcu.externaltools.arm-none.linux64_1.17.0.201812190825/tools/compiler/bin/../lib/gcc/arm-none-eabi/7.3.1/../../../../arm-none-eabi/lib/thumb/v7e-m/fpv4-sp/hard/libc_nano.a(lib_a-abort.o)
 .ARM.attributes
                0x000000000000057b       0x34 /home/popenyuk/Programs/SystemWorkbench/plugins/fr.ac6.mcu.externaltools.arm-none.linux64_1.17.0.201812190825/tools/compiler/bin/../lib/gcc/arm-none-eabi/7.3.1/../../../../arm-none-eabi/lib/thumb/v7e-m/fpv4-sp/hard/libc_nano.a(lib_a-impure.o)
 .ARM.attributes
                0x00000000000005af       0x34 /home/popenyuk/Programs/SystemWorkbench/plugins/fr.ac6.mcu.externaltools.arm-none.linux64_1.17.0.201812190825/tools/compiler/bin/../lib/gcc/arm-none-eabi/7.3.1/../../../../arm-none-eabi/lib/thumb/v7e-m/fpv4-sp/hard/libc_nano.a(lib_a-init.o)
 .ARM.attributes
                0x00000000000005e3       0x34 /home/popenyuk/Programs/SystemWorkbench/plugins/fr.ac6.mcu.externaltools.arm-none.linux64_1.17.0.201812190825/tools/compiler/bin/../lib/gcc/arm-none-eabi/7.3.1/../../../../arm-none-eabi/lib/thumb/v7e-m/fpv4-sp/hard/libc_nano.a(lib_a-isspace.o)
 .ARM.attributes
                0x0000000000000617       0x34 /home/popenyuk/Programs/SystemWorkbench/plugins/fr.ac6.mcu.externaltools.arm-none.linux64_1.17.0.201812190825/tools/compiler/bin/../lib/gcc/arm-none-eabi/7.3.1/../../../../arm-none-eabi/lib/thumb/v7e-m/fpv4-sp/hard/libc_nano.a(lib_a-itoa.o)
 .ARM.attributes
                0x000000000000064b       0x34 /home/popenyuk/Programs/SystemWorkbench/plugins/fr.ac6.mcu.externaltools.arm-none.linux64_1.17.0.201812190825/tools/compiler/bin/../lib/gcc/arm-none-eabi/7.3.1/../../../../arm-none-eabi/lib/thumb/v7e-m/fpv4-sp/hard/libc_nano.a(lib_a-locale.o)
 .ARM.attributes
                0x000000000000067f       0x34 /home/popenyuk/Programs/SystemWorkbench/plugins/fr.ac6.mcu.externaltools.arm-none.linux64_1.17.0.201812190825/tools/compiler/bin/../lib/gcc/arm-none-eabi/7.3.1/../../../../arm-none-eabi/lib/thumb/v7e-m/fpv4-sp/hard/libc_nano.a(lib_a-malloc.o)
 .ARM.attributes
                0x00000000000006b3       0x34 /home/popenyuk/Programs/SystemWorkbench/plugins/fr.ac6.mcu.externaltools.arm-none.linux64_1.17.0.201812190825/tools/compiler/bin/../lib/gcc/arm-none-eabi/7.3.1/../../../../arm-none-eabi/lib/thumb/v7e-m/fpv4-sp/hard/libc_nano.a(lib_a-mbtowc_r.o)
 .ARM.attributes
                0x00000000000006e7       0x34 /home/popenyuk/Programs/SystemWorkbench/plugins/fr.ac6.mcu.externaltools.arm-none.linux64_1.17.0.201812190825/tools/compiler/bin/../lib/gcc/arm-none-eabi/7.3.1/../../../../arm-none-eabi/lib/thumb/v7e-m/fpv4-sp/hard/libc_nano.a(lib_a-memcpy-stub.o)
 .ARM.attributes
                0x000000000000071b       0x34 /home/popenyuk/Programs/SystemWorkbench/plugins/fr.ac6.mcu.externaltools.arm-none.linux64_1.17.0.201812190825/tools/compiler/bin/../lib/gcc/arm-none-eabi/7.3.1/../../../../arm-none-eabi/lib/thumb/v7e-m/fpv4-sp/hard/libc_nano.a(lib_a-memset.o)
 .ARM.attributes
                0x000000000000074f       0x34 /home/popenyuk/Programs/SystemWorkbench/plugins/fr.ac6.mcu.externaltools.arm-none.linux64_1.17.0.201812190825/tools/compiler/bin/../lib/gcc/arm-none-eabi/7.3.1/../../../../arm-none-eabi/lib/thumb/v7e-m/fpv4-sp/hard/libc_nano.a(lib_a-nano-mallocr.o)
 .ARM.attributes
                0x0000000000000783       0x34 /home/popenyuk/Programs/SystemWorkbench/plugins/fr.ac6.mcu.externaltools.arm-none.linux64_1.17.0.201812190825/tools/compiler/bin/../lib/gcc/arm-none-eabi/7.3.1/../../../../arm-none-eabi/lib/thumb/v7e-m/fpv4-sp/hard/libc_nano.a(lib_a-sbrkr.o)
 .ARM.attributes
                0x00000000000007b7       0x34 /home/popenyuk/Programs/SystemWorkbench/plugins/fr.ac6.mcu.externaltools.arm-none.linux64_1.17.0.201812190825/tools/compiler/bin/../lib/gcc/arm-none-eabi/7.3.1/../../../../arm-none-eabi/lib/thumb/v7e-m/fpv4-sp/hard/libc_nano.a(lib_a-signal.o)
 .ARM.attributes
                0x00000000000007eb       0x34 /home/popenyuk/Programs/SystemWorkbench/plugins/fr.ac6.mcu.externaltools.arm-none.linux64_1.17.0.201812190825/tools/compiler/bin/../lib/gcc/arm-none-eabi/7.3.1/../../../../arm-none-eabi/lib/thumb/v7e-m/fpv4-sp/hard/libc_nano.a(lib_a-signalr.o)
 .ARM.attributes
                0x000000000000081f       0x34 /home/popenyuk/Programs/SystemWorkbench/plugins/fr.ac6.mcu.externaltools.arm-none.linux64_1.17.0.201812190825/tools/compiler/bin/../lib/gcc/arm-none-eabi/7.3.1/../../../../arm-none-eabi/lib/thumb/v7e-m/fpv4-sp/hard/libc_nano.a(lib_a-utoa.o)
 .ARM.attributes
                0x0000000000000853       0x34 /home/popenyuk/Programs/SystemWorkbench/plugins/fr.ac6.mcu.externaltools.arm-none.linux64_1.17.0.201812190825/tools/compiler/bin/../lib/gcc/arm-none-eabi/7.3.1/../../../../arm-none-eabi/lib/thumb/v7e-m/fpv4-sp/hard/libc_nano.a(lib_a-wctomb_r.o)
 .ARM.attributes
                0x0000000000000887       0x34 /home/popenyuk/Programs/SystemWorkbench/plugins/fr.ac6.mcu.externaltools.arm-none.linux64_1.17.0.201812190825/tools/compiler/bin/../lib/gcc/arm-none-eabi/7.3.1/../../../../arm-none-eabi/lib/thumb/v7e-m/fpv4-sp/hard/libc_nano.a(lib_a-ctype_.o)
 .ARM.attributes
                0x00000000000008bb       0x34 /home/popenyuk/Programs/SystemWorkbench/plugins/fr.ac6.mcu.externaltools.arm-none.linux64_1.17.0.201812190825/tools/compiler/bin/../lib/gcc/arm-none-eabi/7.3.1/../../../../arm-none-eabi/lib/thumb/v7e-m/fpv4-sp/hard/libc_nano.a(lib_a-findfp.o)
 .ARM.attributes
                0x00000000000008ef       0x34 /home/popenyuk/Programs/SystemWorkbench/plugins/fr.ac6.mcu.externaltools.arm-none.linux64_1.17.0.201812190825/tools/compiler/bin/../lib/gcc/arm-none-eabi/7.3.1/../../../../arm-none-eabi/lib/thumb/v7e-m/fpv4-sp/hard/libc_nano.a(lib_a-mlock.o)
 .ARM.attributes
                0x0000000000000923       0x34 /home/popenyuk/Programs/SystemWorkbench/plugins/fr.ac6.mcu.externaltools.arm-none.linux64_1.17.0.201812190825/tools/compiler/bin/../lib/gcc/arm-none-eabi/7.3.1/../../../../arm-none-eabi/lib/thumb/v7e-m/fpv4-sp/hard/libc_nano.a(lib_a-reent.o)
 .ARM.attributes
                0x0000000000000957       0x34 /home/popenyuk/Programs/SystemWorkbench/plugins/fr.ac6.mcu.externaltools.arm-none.linux64_1.17.0.201812190825/tools/compiler/bin/../lib/gcc/arm-none-eabi/7.3.1/../../../../arm-none-eabi/lib/thumb/v7e-m/fpv4-sp/hard/libnosys.a(getpid.o)
 .ARM.attributes
                0x000000000000098b       0x34 /home/popenyuk/Programs/SystemWorkbench/plugins/fr.ac6.mcu.externaltools.arm-none.linux64_1.17.0.201812190825/tools/compiler/bin/../lib/gcc/arm-none-eabi/7.3.1/../../../../arm-none-eabi/lib/thumb/v7e-m/fpv4-sp/hard/libnosys.a(kill.o)
 .ARM.attributes
                0x00000000000009bf       0x34 /home/popenyuk/Programs/SystemWorkbench/plugins/fr.ac6.mcu.externaltools.arm-none.linux64_1.17.0.201812190825/tools/compiler/bin/../lib/gcc/arm-none-eabi/7.3.1/../../../../arm-none-eabi/lib/thumb/v7e-m/fpv4-sp/hard/libnosys.a(sbrk.o)
 .ARM.attributes
                0x00000000000009f3       0x34 /home/popenyuk/Programs/SystemWorkbench/plugins/fr.ac6.mcu.externaltools.arm-none.linux64_1.17.0.201812190825/tools/compiler/bin/../lib/gcc/arm-none-eabi/7.3.1/../../../../arm-none-eabi/lib/thumb/v7e-m/fpv4-sp/hard/libnosys.a(_exit.o)
 .ARM.attributes
                0x0000000000000a27       0x22 /home/popenyuk/Programs/SystemWorkbench/plugins/fr.ac6.mcu.externaltools.arm-none.linux64_1.17.0.201812190825/tools/compiler/bin/../lib/gcc/arm-none-eabi/7.3.1/thumb/v7e-m/fpv4-sp/hard/crtn.o
OUTPUT(Additional_task.elf elf32-littlearm)

.debug_info     0x0000000000000000    0x1d7b4
 .debug_info    0x0000000000000000     0x10c6 Drivers/STM32F3xx_HAL_Driver/Src/stm32f3xx_hal.o
 .debug_info    0x00000000000010c6     0x1931 Drivers/STM32F3xx_HAL_Driver/Src/stm32f3xx_hal_cortex.o
 .debug_info    0x00000000000029f7     0x1109 Drivers/STM32F3xx_HAL_Driver/Src/stm32f3xx_hal_gpio.o
 .debug_info    0x0000000000003b00     0x3cc3 Drivers/STM32F3xx_HAL_Driver/Src/stm32f3xx_hal_i2c.o
 .debug_info    0x00000000000077c3     0x11f1 Drivers/STM32F3xx_HAL_Driver/Src/stm32f3xx_hal_i2c_ex.o
 .debug_info    0x00000000000089b4     0x1f04 Drivers/STM32F3xx_HAL_Driver/Src/stm32f3xx_hal_rcc.o
 .debug_info    0x000000000000a8b8     0x11ba Drivers/STM32F3xx_HAL_Driver/Src/stm32f3xx_hal_rcc_ex.o
 .debug_info    0x000000000000ba72     0x28b3 Drivers/STM32F3xx_HAL_Driver/Src/stm32f3xx_hal_spi.o
 .debug_info    0x000000000000e325     0x1347 Src/DisplayStrategy.o
 .debug_info    0x000000000000f66c     0x256c Src/LCD_Display.o
 .debug_info    0x0000000000011bd8     0x3849 Src/Nokia_Display.o
 .debug_info    0x0000000000015421      0xd5f Src/gpio.o
 .debug_info    0x0000000000016180     0x1256 Src/i2c.o
 .debug_info    0x00000000000173d6     0x2e1a Src/main.o
 .debug_info    0x000000000001a1f0     0x1157 Src/spi.o
 .debug_info    0x000000000001b347      0xd6b Src/stm32f3xx_hal_msp.o
 .debug_info    0x000000000001c0b2      0xa5e Src/stm32f3xx_it.o
 .debug_info    0x000000000001cb10      0xc82 Src/system_stm32f3xx.o
 .debug_info    0x000000000001d792       0x22 startup/startup_stm32f303xc.o

.debug_abbrev   0x0000000000000000     0x38d9
 .debug_abbrev  0x0000000000000000      0x2e1 Drivers/STM32F3xx_HAL_Driver/Src/stm32f3xx_hal.o
 .debug_abbrev  0x00000000000002e1      0x3b5 Drivers/STM32F3xx_HAL_Driver/Src/stm32f3xx_hal_cortex.o
 .debug_abbrev  0x0000000000000696      0x2de Drivers/STM32F3xx_HAL_Driver/Src/stm32f3xx_hal_gpio.o
 .debug_abbrev  0x0000000000000974      0x2df Drivers/STM32F3xx_HAL_Driver/Src/stm32f3xx_hal_i2c.o
 .debug_abbrev  0x0000000000000c53      0x274 Drivers/STM32F3xx_HAL_Driver/Src/stm32f3xx_hal_i2c_ex.o
 .debug_abbrev  0x0000000000000ec7      0x356 Drivers/STM32F3xx_HAL_Driver/Src/stm32f3xx_hal_rcc.o
 .debug_abbrev  0x000000000000121d      0x35c Drivers/STM32F3xx_HAL_Driver/Src/stm32f3xx_hal_rcc_ex.o
 .debug_abbrev  0x0000000000001579      0x2e1 Drivers/STM32F3xx_HAL_Driver/Src/stm32f3xx_hal_spi.o
 .debug_abbrev  0x000000000000185a      0x3a1 Src/DisplayStrategy.o
 .debug_abbrev  0x0000000000001bfb      0x54f Src/LCD_Display.o
 .debug_abbrev  0x000000000000214a      0x662 Src/Nokia_Display.o
 .debug_abbrev  0x00000000000027ac      0x22b Src/gpio.o
 .debug_abbrev  0x00000000000029d7      0x258 Src/i2c.o
 .debug_abbrev  0x0000000000002c2f      0x3ec Src/main.o
 .debug_abbrev  0x000000000000301b      0x258 Src/spi.o
 .debug_abbrev  0x0000000000003273      0x234 Src/stm32f3xx_hal_msp.o
 .debug_abbrev  0x00000000000034a7      0x201 Src/stm32f3xx_it.o
 .debug_abbrev  0x00000000000036a8      0x21f Src/system_stm32f3xx.o
 .debug_abbrev  0x00000000000038c7       0x12 startup/startup_stm32f303xc.o

.debug_loc      0x0000000000000000     0x86c6
 .debug_loc     0x0000000000000000       0xee Drivers/STM32F3xx_HAL_Driver/Src/stm32f3xx_hal.o
 .debug_loc     0x00000000000000ee      0x730 Drivers/STM32F3xx_HAL_Driver/Src/stm32f3xx_hal_cortex.o
 .debug_loc     0x000000000000081e      0x4f4 Drivers/STM32F3xx_HAL_Driver/Src/stm32f3xx_hal_gpio.o
 .debug_loc     0x0000000000000d12     0x388a Drivers/STM32F3xx_HAL_Driver/Src/stm32f3xx_hal_i2c.o
 .debug_loc     0x000000000000459c      0x175 Drivers/STM32F3xx_HAL_Driver/Src/stm32f3xx_hal_i2c_ex.o
 .debug_loc     0x0000000000004711      0x9df Drivers/STM32F3xx_HAL_Driver/Src/stm32f3xx_hal_rcc.o
 .debug_loc     0x00000000000050f0      0x838 Drivers/STM32F3xx_HAL_Driver/Src/stm32f3xx_hal_rcc_ex.o
 .debug_loc     0x0000000000005928     0x18a9 Drivers/STM32F3xx_HAL_Driver/Src/stm32f3xx_hal_spi.o
 .debug_loc     0x00000000000071d1      0x2c5 Src/DisplayStrategy.o
 .debug_loc     0x0000000000007496      0x5f5 Src/LCD_Display.o
 .debug_loc     0x0000000000007a8b      0xa86 Src/Nokia_Display.o
 .debug_loc     0x0000000000008511       0x5b Src/i2c.o
 .debug_loc     0x000000000000856c       0x5b Src/spi.o
 .debug_loc     0x00000000000085c7       0xff Src/system_stm32f3xx.o

.debug_aranges  0x0000000000000000      0xa28
 .debug_aranges
                0x0000000000000000       0xe0 Drivers/STM32F3xx_HAL_Driver/Src/stm32f3xx_hal.o
 .debug_aranges
                0x00000000000000e0       0xa8 Drivers/STM32F3xx_HAL_Driver/Src/stm32f3xx_hal_cortex.o
 .debug_aranges
                0x0000000000000188       0x58 Drivers/STM32F3xx_HAL_Driver/Src/stm32f3xx_hal_gpio.o
 .debug_aranges
                0x00000000000001e0      0x260 Drivers/STM32F3xx_HAL_Driver/Src/stm32f3xx_hal_i2c.o
 .debug_aranges
                0x0000000000000440       0x48 Drivers/STM32F3xx_HAL_Driver/Src/stm32f3xx_hal_i2c_ex.o
 .debug_aranges
                0x0000000000000488       0x88 Drivers/STM32F3xx_HAL_Driver/Src/stm32f3xx_hal_rcc.o
 .debug_aranges
                0x0000000000000510       0x38 Drivers/STM32F3xx_HAL_Driver/Src/stm32f3xx_hal_rcc_ex.o
 .debug_aranges
                0x0000000000000548      0x1d8 Drivers/STM32F3xx_HAL_Driver/Src/stm32f3xx_hal_spi.o
 .debug_aranges
                0x0000000000000720       0x58 Src/DisplayStrategy.o
 .debug_aranges
                0x0000000000000778       0xa0 Src/LCD_Display.o
 .debug_aranges
                0x0000000000000818       0x88 Src/Nokia_Display.o
 .debug_aranges
                0x00000000000008a0       0x20 Src/gpio.o
 .debug_aranges
                0x00000000000008c0       0x30 Src/i2c.o
 .debug_aranges
                0x00000000000008f0       0x38 Src/main.o
 .debug_aranges
                0x0000000000000928       0x30 Src/spi.o
 .debug_aranges
                0x0000000000000958       0x20 Src/stm32f3xx_hal_msp.o
 .debug_aranges
                0x0000000000000978       0x60 Src/stm32f3xx_it.o
 .debug_aranges
                0x00000000000009d8       0x28 Src/system_stm32f3xx.o
 .debug_aranges
                0x0000000000000a00       0x28 startup/startup_stm32f303xc.o

.debug_ranges   0x0000000000000000      0x9d0
 .debug_ranges  0x0000000000000000       0xd0 Drivers/STM32F3xx_HAL_Driver/Src/stm32f3xx_hal.o
 .debug_ranges  0x00000000000000d0       0xf8 Drivers/STM32F3xx_HAL_Driver/Src/stm32f3xx_hal_cortex.o
 .debug_ranges  0x00000000000001c8       0x48 Drivers/STM32F3xx_HAL_Driver/Src/stm32f3xx_hal_gpio.o
 .debug_ranges  0x0000000000000210      0x250 Drivers/STM32F3xx_HAL_Driver/Src/stm32f3xx_hal_i2c.o
 .debug_ranges  0x0000000000000460       0x38 Drivers/STM32F3xx_HAL_Driver/Src/stm32f3xx_hal_i2c_ex.o
 .debug_ranges  0x0000000000000498       0x98 Drivers/STM32F3xx_HAL_Driver/Src/stm32f3xx_hal_rcc.o
 .debug_ranges  0x0000000000000530       0x48 Drivers/STM32F3xx_HAL_Driver/Src/stm32f3xx_hal_rcc_ex.o
 .debug_ranges  0x0000000000000578      0x1c8 Drivers/STM32F3xx_HAL_Driver/Src/stm32f3xx_hal_spi.o
 .debug_ranges  0x0000000000000740       0x48 Src/DisplayStrategy.o
 .debug_ranges  0x0000000000000788       0x90 Src/LCD_Display.o
 .debug_ranges  0x0000000000000818       0xa8 Src/Nokia_Display.o
 .debug_ranges  0x00000000000008c0       0x10 Src/gpio.o
 .debug_ranges  0x00000000000008d0       0x20 Src/i2c.o
 .debug_ranges  0x00000000000008f0       0x28 Src/main.o
 .debug_ranges  0x0000000000000918       0x20 Src/spi.o
 .debug_ranges  0x0000000000000938       0x10 Src/stm32f3xx_hal_msp.o
 .debug_ranges  0x0000000000000948       0x50 Src/stm32f3xx_it.o
 .debug_ranges  0x0000000000000998       0x18 Src/system_stm32f3xx.o
 .debug_ranges  0x00000000000009b0       0x20 startup/startup_stm32f303xc.o

.debug_macro    0x0000000000000000    0x1e50d
 .debug_macro   0x0000000000000000      0x332 Drivers/STM32F3xx_HAL_Driver/Src/stm32f3xx_hal.o
 .debug_macro   0x0000000000000332      0xa60 Drivers/STM32F3xx_HAL_Driver/Src/stm32f3xx_hal.o
 .debug_macro   0x0000000000000d92       0x5e Drivers/STM32F3xx_HAL_Driver/Src/stm32f3xx_hal.o
 .debug_macro   0x0000000000000df0       0xa6 Drivers/STM32F3xx_HAL_Driver/Src/stm32f3xx_hal.o
 .debug_macro   0x0000000000000e96       0x2f Drivers/STM32F3xx_HAL_Driver/Src/stm32f3xx_hal.o
 .debug_macro   0x0000000000000ec5       0x28 Drivers/STM32F3xx_HAL_Driver/Src/stm32f3xx_hal.o
 .debug_macro   0x0000000000000eed       0x22 Drivers/STM32F3xx_HAL_Driver/Src/stm32f3xx_hal.o
 .debug_macro   0x0000000000000f0f       0x8e Drivers/STM32F3xx_HAL_Driver/Src/stm32f3xx_hal.o
 .debug_macro   0x0000000000000f9d       0x51 Drivers/STM32F3xx_HAL_Driver/Src/stm32f3xx_hal.o
 .debug_macro   0x0000000000000fee       0xef Drivers/STM32F3xx_HAL_Driver/Src/stm32f3xx_hal.o
 .debug_macro   0x00000000000010dd       0x6a Drivers/STM32F3xx_HAL_Driver/Src/stm32f3xx_hal.o
 .debug_macro   0x0000000000001147      0x1df Drivers/STM32F3xx_HAL_Driver/Src/stm32f3xx_hal.o
 .debug_macro   0x0000000000001326       0x35 Drivers/STM32F3xx_HAL_Driver/Src/stm32f3xx_hal.o
 .debug_macro   0x000000000000135b       0x50 Drivers/STM32F3xx_HAL_Driver/Src/stm32f3xx_hal.o
 .debug_macro   0x00000000000013ab      0xe66 Drivers/STM32F3xx_HAL_Driver/Src/stm32f3xx_hal.o
 .debug_macro   0x0000000000002211    0x12a4f Drivers/STM32F3xx_HAL_Driver/Src/stm32f3xx_hal.o
 .debug_macro   0x0000000000014c60       0x43 Drivers/STM32F3xx_HAL_Driver/Src/stm32f3xx_hal.o
 .debug_macro   0x0000000000014ca3       0x5e Drivers/STM32F3xx_HAL_Driver/Src/stm32f3xx_hal.o
 .debug_macro   0x0000000000014d01       0x18 Drivers/STM32F3xx_HAL_Driver/Src/stm32f3xx_hal.o
 .debug_macro   0x0000000000014d19       0x35 Drivers/STM32F3xx_HAL_Driver/Src/stm32f3xx_hal.o
 .debug_macro   0x0000000000014d4e       0x34 Drivers/STM32F3xx_HAL_Driver/Src/stm32f3xx_hal.o
 .debug_macro   0x0000000000014d82       0x16 Drivers/STM32F3xx_HAL_Driver/Src/stm32f3xx_hal.o
 .debug_macro   0x0000000000014d98       0x97 Drivers/STM32F3xx_HAL_Driver/Src/stm32f3xx_hal.o
 .debug_macro   0x0000000000014e2f      0x330 Drivers/STM32F3xx_HAL_Driver/Src/stm32f3xx_hal.o
 .debug_macro   0x000000000001515f       0xfd Drivers/STM32F3xx_HAL_Driver/Src/stm32f3xx_hal.o
 .debug_macro   0x000000000001525c       0x10 Drivers/STM32F3xx_HAL_Driver/Src/stm32f3xx_hal.o
 .debug_macro   0x000000000001526c       0x58 Drivers/STM32F3xx_HAL_Driver/Src/stm32f3xx_hal.o
 .debug_macro   0x00000000000152c4       0x1f Drivers/STM32F3xx_HAL_Driver/Src/stm32f3xx_hal.o
 .debug_macro   0x00000000000152e3       0x43 Drivers/STM32F3xx_HAL_Driver/Src/stm32f3xx_hal.o
 .debug_macro   0x0000000000015326       0x20 Drivers/STM32F3xx_HAL_Driver/Src/stm32f3xx_hal.o
 .debug_macro   0x0000000000015346      0x18e Drivers/STM32F3xx_HAL_Driver/Src/stm32f3xx_hal.o
 .debug_macro   0x00000000000154d4       0x10 Drivers/STM32F3xx_HAL_Driver/Src/stm32f3xx_hal.o
 .debug_macro   0x00000000000154e4       0x1c Drivers/STM32F3xx_HAL_Driver/Src/stm32f3xx_hal.o
 .debug_macro   0x0000000000015500       0x52 Drivers/STM32F3xx_HAL_Driver/Src/stm32f3xx_hal.o
 .debug_macro   0x0000000000015552       0x40 Drivers/STM32F3xx_HAL_Driver/Src/stm32f3xx_hal.o
 .debug_macro   0x0000000000015592       0x10 Drivers/STM32F3xx_HAL_Driver/Src/stm32f3xx_hal.o
 .debug_macro   0x00000000000155a2       0x40 Drivers/STM32F3xx_HAL_Driver/Src/stm32f3xx_hal.o
 .debug_macro   0x00000000000155e2       0xd7 Drivers/STM32F3xx_HAL_Driver/Src/stm32f3xx_hal.o
 .debug_macro   0x00000000000156b9       0x1c Drivers/STM32F3xx_HAL_Driver/Src/stm32f3xx_hal.o
 .debug_macro   0x00000000000156d5       0x3d Drivers/STM32F3xx_HAL_Driver/Src/stm32f3xx_hal.o
 .debug_macro   0x0000000000015712       0x16 Drivers/STM32F3xx_HAL_Driver/Src/stm32f3xx_hal.o
 .debug_macro   0x0000000000015728      0x16f Drivers/STM32F3xx_HAL_Driver/Src/stm32f3xx_hal.o
 .debug_macro   0x0000000000015897       0x49 Drivers/STM32F3xx_HAL_Driver/Src/stm32f3xx_hal.o
 .debug_macro   0x00000000000158e0      0x968 Drivers/STM32F3xx_HAL_Driver/Src/stm32f3xx_hal.o
 .debug_macro   0x0000000000016248      0x5fe Drivers/STM32F3xx_HAL_Driver/Src/stm32f3xx_hal.o
 .debug_macro   0x0000000000016846      0x13a Drivers/STM32F3xx_HAL_Driver/Src/stm32f3xx_hal.o
 .debug_macro   0x0000000000016980      0x1fb Drivers/STM32F3xx_HAL_Driver/Src/stm32f3xx_hal.o
 .debug_macro   0x0000000000016b7b      0x1bc Drivers/STM32F3xx_HAL_Driver/Src/stm32f3xx_hal.o
 .debug_macro   0x0000000000016d37       0x31 Drivers/STM32F3xx_HAL_Driver/Src/stm32f3xx_hal.o
 .debug_macro   0x0000000000016d68       0x3c Drivers/STM32F3xx_HAL_Driver/Src/stm32f3xx_hal.o
 .debug_macro   0x0000000000016da4      0x23a Drivers/STM32F3xx_HAL_Driver/Src/stm32f3xx_hal.o
 .debug_macro   0x0000000000016fde       0xcb Drivers/STM32F3xx_HAL_Driver/Src/stm32f3xx_hal.o
 .debug_macro   0x00000000000170a9      0x22b Drivers/STM32F3xx_HAL_Driver/Src/stm32f3xx_hal.o
 .debug_macro   0x00000000000172d4      0x209 Drivers/STM32F3xx_HAL_Driver/Src/stm32f3xx_hal.o
 .debug_macro   0x00000000000174dd       0x5b Drivers/STM32F3xx_HAL_Driver/Src/stm32f3xx_hal.o
 .debug_macro   0x0000000000017538       0x90 Drivers/STM32F3xx_HAL_Driver/Src/stm32f3xx_hal.o
 .debug_macro   0x00000000000175c8       0x82 Drivers/STM32F3xx_HAL_Driver/Src/stm32f3xx_hal.o
 .debug_macro   0x000000000001764a       0xd3 Drivers/STM32F3xx_HAL_Driver/Src/stm32f3xx_hal.o
 .debug_macro   0x000000000001771d      0x2e9 Drivers/STM32F3xx_HAL_Driver/Src/stm32f3xx_hal.o
 .debug_macro   0x0000000000017a06      0x277 Drivers/STM32F3xx_HAL_Driver/Src/stm32f3xx_hal.o
 .debug_macro   0x0000000000017c7d      0x30e Drivers/STM32F3xx_HAL_Driver/Src/stm32f3xx_hal_cortex.o
 .debug_macro   0x0000000000017f8b      0x346 Drivers/STM32F3xx_HAL_Driver/Src/stm32f3xx_hal_gpio.o
 .debug_macro   0x00000000000182d1      0x3da Drivers/STM32F3xx_HAL_Driver/Src/stm32f3xx_hal_i2c.o
 .debug_macro   0x00000000000186ab      0x30e Drivers/STM32F3xx_HAL_Driver/Src/stm32f3xx_hal_i2c_ex.o
 .debug_macro   0x00000000000189b9      0x332 Drivers/STM32F3xx_HAL_Driver/Src/stm32f3xx_hal_rcc.o
 .debug_macro   0x0000000000018ceb      0x30e Drivers/STM32F3xx_HAL_Driver/Src/stm32f3xx_hal_rcc_ex.o
 .debug_macro   0x0000000000018ff9      0x316 Drivers/STM32F3xx_HAL_Driver/Src/stm32f3xx_hal_spi.o
 .debug_macro   0x000000000001930f      0x222 Src/DisplayStrategy.o
 .debug_macro   0x0000000000019531      0xb38 Src/DisplayStrategy.o
 .debug_macro   0x000000000001a069       0x58 Src/DisplayStrategy.o
 .debug_macro   0x000000000001a0c1       0x94 Src/DisplayStrategy.o
 .debug_macro   0x000000000001a155       0x34 Src/DisplayStrategy.o
 .debug_macro   0x000000000001a189       0x57 Src/DisplayStrategy.o
 .debug_macro   0x000000000001a1e0       0x97 Src/DisplayStrategy.o
 .debug_macro   0x000000000001a277      0x353 Src/DisplayStrategy.o
 .debug_macro   0x000000000001a5ca      0x104 Src/DisplayStrategy.o
 .debug_macro   0x000000000001a6ce       0x43 Src/DisplayStrategy.o
 .debug_macro   0x000000000001a711      0x137 Src/DisplayStrategy.o
 .debug_macro   0x000000000001a848      0x168 Src/DisplayStrategy.o
 .debug_macro   0x000000000001a9b0       0x10 Src/DisplayStrategy.o
 .debug_macro   0x000000000001a9c0      0x3f4 Src/DisplayStrategy.o
 .debug_macro   0x000000000001adb4       0x10 Src/DisplayStrategy.o
 .debug_macro   0x000000000001adc4       0x16 Src/DisplayStrategy.o
 .debug_macro   0x000000000001adda       0x35 Src/DisplayStrategy.o
 .debug_macro   0x000000000001ae0f       0x16 Src/DisplayStrategy.o
 .debug_macro   0x000000000001ae25       0x29 Src/DisplayStrategy.o
 .debug_macro   0x000000000001ae4e       0x1c Src/DisplayStrategy.o
 .debug_macro   0x000000000001ae6a       0xde Src/DisplayStrategy.o
 .debug_macro   0x000000000001af48      0x3bd Src/LCD_Display.o
 .debug_macro   0x000000000001b305       0x1c Src/LCD_Display.o
 .debug_macro   0x000000000001b321      0xe66 Src/LCD_Display.o
 .debug_macro   0x000000000001c187      0x459 Src/Nokia_Display.o
 .debug_macro   0x000000000001c5e0       0xac Src/Nokia_Display.o
 .debug_macro   0x000000000001c68c       0x2b Src/Nokia_Display.o
 .debug_macro   0x000000000001c6b7       0xee Src/Nokia_Display.o
 .debug_macro   0x000000000001c7a5       0x18 Src/Nokia_Display.o
 .debug_macro   0x000000000001c7bd      0x1da Src/Nokia_Display.o
 .debug_macro   0x000000000001c997      0x3cd Src/Nokia_Display.o
 .debug_macro   0x000000000001cd64       0x4c Src/Nokia_Display.o
 .debug_macro   0x000000000001cdb0       0x46 Src/Nokia_Display.o
 .debug_macro   0x000000000001cdf6      0x318 Src/gpio.o
 .debug_macro   0x000000000001d10e      0x322 Src/i2c.o
 .debug_macro   0x000000000001d430      0x481 Src/main.o
 .debug_macro   0x000000000001d8b1      0x322 Src/spi.o
 .debug_macro   0x000000000001dbd3      0x30e Src/stm32f3xx_hal_msp.o
 .debug_macro   0x000000000001dee1      0x318 Src/stm32f3xx_it.o
 .debug_macro   0x000000000001e1f9      0x314 Src/system_stm32f3xx.o

.debug_line     0x0000000000000000     0xd72a
 .debug_line    0x0000000000000000      0xa1f Drivers/STM32F3xx_HAL_Driver/Src/stm32f3xx_hal.o
 .debug_line    0x0000000000000a1f      0xad8 Drivers/STM32F3xx_HAL_Driver/Src/stm32f3xx_hal_cortex.o
 .debug_line    0x00000000000014f7      0xaa5 Drivers/STM32F3xx_HAL_Driver/Src/stm32f3xx_hal_gpio.o
 .debug_line    0x0000000000001f9c     0x1aab Drivers/STM32F3xx_HAL_Driver/Src/stm32f3xx_hal_i2c.o
 .debug_line    0x0000000000003a47      0x9ec Drivers/STM32F3xx_HAL_Driver/Src/stm32f3xx_hal_i2c_ex.o
 .debug_line    0x0000000000004433      0xe8d Drivers/STM32F3xx_HAL_Driver/Src/stm32f3xx_hal_rcc.o
 .debug_line    0x00000000000052c0      0xc4f Drivers/STM32F3xx_HAL_Driver/Src/stm32f3xx_hal_rcc_ex.o
 .debug_line    0x0000000000005f0f     0x14b6 Drivers/STM32F3xx_HAL_Driver/Src/stm32f3xx_hal_spi.o
 .debug_line    0x00000000000073c5      0x7b5 Src/DisplayStrategy.o
 .debug_line    0x0000000000007b7a      0xcbb Src/LCD_Display.o
 .debug_line    0x0000000000008835      0xea1 Src/Nokia_Display.o
 .debug_line    0x00000000000096d6      0x850 Src/gpio.o
 .debug_line    0x0000000000009f26      0x87e Src/i2c.o
 .debug_line    0x000000000000a7a4      0xd3e Src/main.o
 .debug_line    0x000000000000b4e2      0x876 Src/spi.o
 .debug_line    0x000000000000bd58      0x835 Src/stm32f3xx_hal_msp.o
 .debug_line    0x000000000000c58d      0x8be Src/stm32f3xx_it.o
 .debug_line    0x000000000000ce4b      0x860 Src/system_stm32f3xx.o
 .debug_line    0x000000000000d6ab       0x7f startup/startup_stm32f303xc.o

.debug_str      0x0000000000000000    0x92b57
 .debug_str     0x0000000000000000    0x8badf Drivers/STM32F3xx_HAL_Driver/Src/stm32f3xx_hal.o
                                      0x8bea1 (size before relaxing)
 .debug_str     0x000000000008badf      0x3f1 Drivers/STM32F3xx_HAL_Driver/Src/stm32f3xx_hal_cortex.o
                                      0x8bf75 (size before relaxing)
 .debug_str     0x000000000008bed0      0x293 Drivers/STM32F3xx_HAL_Driver/Src/stm32f3xx_hal_gpio.o
                                      0x8b939 (size before relaxing)
 .debug_str     0x000000000008c163     0x1135 Drivers/STM32F3xx_HAL_Driver/Src/stm32f3xx_hal_i2c.o
                                      0x8c88a (size before relaxing)
 .debug_str     0x000000000008d298       0xf3 Drivers/STM32F3xx_HAL_Driver/Src/stm32f3xx_hal_i2c_ex.o
                                      0x8bc04 (size before relaxing)
 .debug_str     0x000000000008d38b      0x3c9 Drivers/STM32F3xx_HAL_Driver/Src/stm32f3xx_hal_rcc.o
                                      0x8bb43 (size before relaxing)
 .debug_str     0x000000000008d754      0x216 Drivers/STM32F3xx_HAL_Driver/Src/stm32f3xx_hal_rcc_ex.o
                                      0x8b94d (size before relaxing)
 .debug_str     0x000000000008d96a      0x707 Drivers/STM32F3xx_HAL_Driver/Src/stm32f3xx_hal_spi.o
                                      0x8bfaa (size before relaxing)
 .debug_str     0x000000000008e071     0x2245 Src/DisplayStrategy.o
                                       0x92ab (size before relaxing)
 .debug_str     0x00000000000902b6      0x811 Src/LCD_Display.o
                                      0x8e22b (size before relaxing)
 .debug_str     0x0000000000090ac7     0x1de9 Src/Nokia_Display.o
                                      0x8fee0 (size before relaxing)
 .debug_str     0x00000000000928b0       0x2b Src/gpio.o
                                      0x8b6eb (size before relaxing)
 .debug_str     0x00000000000928db       0x33 Src/i2c.o
                                      0x8bc03 (size before relaxing)
 .debug_str     0x000000000009290e       0xcc Src/main.o
                                      0x8f6fc (size before relaxing)
 .debug_str     0x00000000000929da       0x17 Src/spi.o
                                      0x8bb12 (size before relaxing)
 .debug_str     0x00000000000929f1       0x1b Src/stm32f3xx_hal_msp.o
                                      0x8ba94 (size before relaxing)
 .debug_str     0x0000000000092a0c       0xb8 Src/stm32f3xx_it.o
                                      0x8b68a (size before relaxing)
 .debug_str     0x0000000000092ac4       0x64 Src/system_stm32f3xx.o
                                      0x8b6ce (size before relaxing)
 .debug_str     0x0000000000092b28       0x2f startup/startup_stm32f303xc.o
                                         0x84 (size before relaxing)

.comment        0x0000000000000000       0x7f
 .comment       0x0000000000000000       0x7f Drivers/STM32F3xx_HAL_Driver/Src/stm32f3xx_hal.o
                                         0x80 (size before relaxing)
 .comment       0x000000000000007f       0x80 Drivers/STM32F3xx_HAL_Driver/Src/stm32f3xx_hal_cortex.o
 .comment       0x000000000000007f       0x80 Drivers/STM32F3xx_HAL_Driver/Src/stm32f3xx_hal_gpio.o
 .comment       0x000000000000007f       0x80 Drivers/STM32F3xx_HAL_Driver/Src/stm32f3xx_hal_i2c.o
 .comment       0x000000000000007f       0x80 Drivers/STM32F3xx_HAL_Driver/Src/stm32f3xx_hal_i2c_ex.o
 .comment       0x000000000000007f       0x80 Drivers/STM32F3xx_HAL_Driver/Src/stm32f3xx_hal_rcc.o
 .comment       0x000000000000007f       0x80 Drivers/STM32F3xx_HAL_Driver/Src/stm32f3xx_hal_rcc_ex.o
 .comment       0x000000000000007f       0x80 Drivers/STM32F3xx_HAL_Driver/Src/stm32f3xx_hal_spi.o
 .comment       0x000000000000007f       0x80 Src/DisplayStrategy.o
 .comment       0x000000000000007f       0x80 Src/LCD_Display.o
 .comment       0x000000000000007f       0x80 Src/Nokia_Display.o
 .comment       0x000000000000007f       0x80 Src/gpio.o
 .comment       0x000000000000007f       0x80 Src/i2c.o
 .comment       0x000000000000007f       0x80 Src/main.o
 .comment       0x000000000000007f       0x80 Src/spi.o
 .comment       0x000000000000007f       0x80 Src/stm32f3xx_hal_msp.o
 .comment       0x000000000000007f       0x80 Src/stm32f3xx_it.o
 .comment       0x000000000000007f       0x80 Src/system_stm32f3xx.o

.debug_frame    0x0000000000000000     0x2370
 .debug_frame   0x0000000000000000      0x1cc Drivers/STM32F3xx_HAL_Driver/Src/stm32f3xx_hal.o
 .debug_frame   0x00000000000001cc      0x17c Drivers/STM32F3xx_HAL_Driver/Src/stm32f3xx_hal_cortex.o
 .debug_frame   0x0000000000000348       0xfc Drivers/STM32F3xx_HAL_Driver/Src/stm32f3xx_hal_gpio.o
 .debug_frame   0x0000000000000444      0x858 Drivers/STM32F3xx_HAL_Driver/Src/stm32f3xx_hal_i2c.o
 .debug_frame   0x0000000000000c9c       0xb8 Drivers/STM32F3xx_HAL_Driver/Src/stm32f3xx_hal_i2c_ex.o
 .debug_frame   0x0000000000000d54      0x190 Drivers/STM32F3xx_HAL_Driver/Src/stm32f3xx_hal_rcc.o
 .debug_frame   0x0000000000000ee4       0x80 Drivers/STM32F3xx_HAL_Driver/Src/stm32f3xx_hal_rcc_ex.o
 .debug_frame   0x0000000000000f64      0x5c0 Drivers/STM32F3xx_HAL_Driver/Src/stm32f3xx_hal_spi.o
 .debug_frame   0x0000000000001524       0xe8 Src/DisplayStrategy.o
 .debug_frame   0x000000000000160c      0x1f0 Src/LCD_Display.o
 .debug_frame   0x00000000000017fc      0x1a0 Src/Nokia_Display.o
 .debug_frame   0x000000000000199c       0x34 Src/gpio.o
 .debug_frame   0x00000000000019d0       0x64 Src/i2c.o
 .debug_frame   0x0000000000001a34       0x7c Src/main.o
 .debug_frame   0x0000000000001ab0       0x5c Src/spi.o
 .debug_frame   0x0000000000001b0c       0x2c Src/stm32f3xx_hal_msp.o
 .debug_frame   0x0000000000001b38       0xa8 Src/stm32f3xx_it.o
 .debug_frame   0x0000000000001be0       0x30 Src/system_stm32f3xx.o
 .debug_frame   0x0000000000001c10       0x28 /home/popenyuk/Programs/SystemWorkbench/plugins/fr.ac6.mcu.externaltools.arm-none.linux64_1.17.0.201812190825/tools/compiler/bin/../lib/gcc/arm-none-eabi/7.3.1/../../../../arm-none-eabi/lib/thumb/v7e-m/fpv4-sp/hard/libstdc++_nano.a(new_op.o)
 .debug_frame   0x0000000000001c38       0x30 /home/popenyuk/Programs/SystemWorkbench/plugins/fr.ac6.mcu.externaltools.arm-none.linux64_1.17.0.201812190825/tools/compiler/bin/../lib/gcc/arm-none-eabi/7.3.1/../../../../arm-none-eabi/lib/thumb/v7e-m/fpv4-sp/hard/libstdc++_nano.a(new_handler.o)
 .debug_frame   0x0000000000001c68       0xac /home/popenyuk/Programs/SystemWorkbench/plugins/fr.ac6.mcu.externaltools.arm-none.linux64_1.17.0.201812190825/tools/compiler/bin/../lib/gcc/arm-none-eabi/7.3.1/thumb/v7e-m/fpv4-sp/hard/libgcc.a(_arm_addsubdf3.o)
 .debug_frame   0x0000000000001d14       0x50 /home/popenyuk/Programs/SystemWorkbench/plugins/fr.ac6.mcu.externaltools.arm-none.linux64_1.17.0.201812190825/tools/compiler/bin/../lib/gcc/arm-none-eabi/7.3.1/thumb/v7e-m/fpv4-sp/hard/libgcc.a(_arm_muldivdf3.o)
 .debug_frame   0x0000000000001d64       0x24 /home/popenyuk/Programs/SystemWorkbench/plugins/fr.ac6.mcu.externaltools.arm-none.linux64_1.17.0.201812190825/tools/compiler/bin/../lib/gcc/arm-none-eabi/7.3.1/thumb/v7e-m/fpv4-sp/hard/libgcc.a(_arm_fixdfsi.o)
 .debug_frame   0x0000000000001d88       0x28 /home/popenyuk/Programs/SystemWorkbench/plugins/fr.ac6.mcu.externaltools.arm-none.linux64_1.17.0.201812190825/tools/compiler/bin/../lib/gcc/arm-none-eabi/7.3.1/../../../../arm-none-eabi/lib/thumb/v7e-m/fpv4-sp/hard/libc_nano.a(lib_a-abort.o)
 .debug_frame   0x0000000000001db0       0x2c /home/popenyuk/Programs/SystemWorkbench/plugins/fr.ac6.mcu.externaltools.arm-none.linux64_1.17.0.201812190825/tools/compiler/bin/../lib/gcc/arm-none-eabi/7.3.1/../../../../arm-none-eabi/lib/thumb/v7e-m/fpv4-sp/hard/libc_nano.a(lib_a-init.o)
 .debug_frame   0x0000000000001ddc       0x28 /home/popenyuk/Programs/SystemWorkbench/plugins/fr.ac6.mcu.externaltools.arm-none.linux64_1.17.0.201812190825/tools/compiler/bin/../lib/gcc/arm-none-eabi/7.3.1/../../../../arm-none-eabi/lib/thumb/v7e-m/fpv4-sp/hard/libc_nano.a(lib_a-isspace.o)
 .debug_frame   0x0000000000001e04       0x38 /home/popenyuk/Programs/SystemWorkbench/plugins/fr.ac6.mcu.externaltools.arm-none.linux64_1.17.0.201812190825/tools/compiler/bin/../lib/gcc/arm-none-eabi/7.3.1/../../../../arm-none-eabi/lib/thumb/v7e-m/fpv4-sp/hard/libc_nano.a(lib_a-itoa.o)
 .debug_frame   0x0000000000001e3c       0x68 /home/popenyuk/Programs/SystemWorkbench/plugins/fr.ac6.mcu.externaltools.arm-none.linux64_1.17.0.201812190825/tools/compiler/bin/../lib/gcc/arm-none-eabi/7.3.1/../../../../arm-none-eabi/lib/thumb/v7e-m/fpv4-sp/hard/libc_nano.a(lib_a-locale.o)
 .debug_frame   0x0000000000001ea4       0x30 /home/popenyuk/Programs/SystemWorkbench/plugins/fr.ac6.mcu.externaltools.arm-none.linux64_1.17.0.201812190825/tools/compiler/bin/../lib/gcc/arm-none-eabi/7.3.1/../../../../arm-none-eabi/lib/thumb/v7e-m/fpv4-sp/hard/libc_nano.a(lib_a-malloc.o)
 .debug_frame   0x0000000000001ed4       0x48 /home/popenyuk/Programs/SystemWorkbench/plugins/fr.ac6.mcu.externaltools.arm-none.linux64_1.17.0.201812190825/tools/compiler/bin/../lib/gcc/arm-none-eabi/7.3.1/../../../../arm-none-eabi/lib/thumb/v7e-m/fpv4-sp/hard/libc_nano.a(lib_a-mbtowc_r.o)
 .debug_frame   0x0000000000001f1c       0x28 /home/popenyuk/Programs/SystemWorkbench/plugins/fr.ac6.mcu.externaltools.arm-none.linux64_1.17.0.201812190825/tools/compiler/bin/../lib/gcc/arm-none-eabi/7.3.1/../../../../arm-none-eabi/lib/thumb/v7e-m/fpv4-sp/hard/libc_nano.a(lib_a-memcpy-stub.o)
 .debug_frame   0x0000000000001f44       0x20 /home/popenyuk/Programs/SystemWorkbench/plugins/fr.ac6.mcu.externaltools.arm-none.linux64_1.17.0.201812190825/tools/compiler/bin/../lib/gcc/arm-none-eabi/7.3.1/../../../../arm-none-eabi/lib/thumb/v7e-m/fpv4-sp/hard/libc_nano.a(lib_a-memset.o)
 .debug_frame   0x0000000000001f64       0x2c /home/popenyuk/Programs/SystemWorkbench/plugins/fr.ac6.mcu.externaltools.arm-none.linux64_1.17.0.201812190825/tools/compiler/bin/../lib/gcc/arm-none-eabi/7.3.1/../../../../arm-none-eabi/lib/thumb/v7e-m/fpv4-sp/hard/libc_nano.a(lib_a-nano-mallocr.o)
 .debug_frame   0x0000000000001f90       0x2c /home/popenyuk/Programs/SystemWorkbench/plugins/fr.ac6.mcu.externaltools.arm-none.linux64_1.17.0.201812190825/tools/compiler/bin/../lib/gcc/arm-none-eabi/7.3.1/../../../../arm-none-eabi/lib/thumb/v7e-m/fpv4-sp/hard/libc_nano.a(lib_a-sbrkr.o)
 .debug_frame   0x0000000000001fbc       0xcc /home/popenyuk/Programs/SystemWorkbench/plugins/fr.ac6.mcu.externaltools.arm-none.linux64_1.17.0.201812190825/tools/compiler/bin/../lib/gcc/arm-none-eabi/7.3.1/../../../../arm-none-eabi/lib/thumb/v7e-m/fpv4-sp/hard/libc_nano.a(lib_a-signal.o)
 .debug_frame   0x0000000000002088       0x3c /home/popenyuk/Programs/SystemWorkbench/plugins/fr.ac6.mcu.externaltools.arm-none.linux64_1.17.0.201812190825/tools/compiler/bin/../lib/gcc/arm-none-eabi/7.3.1/../../../../arm-none-eabi/lib/thumb/v7e-m/fpv4-sp/hard/libc_nano.a(lib_a-signalr.o)
 .debug_frame   0x00000000000020c4       0x48 /home/popenyuk/Programs/SystemWorkbench/plugins/fr.ac6.mcu.externaltools.arm-none.linux64_1.17.0.201812190825/tools/compiler/bin/../lib/gcc/arm-none-eabi/7.3.1/../../../../arm-none-eabi/lib/thumb/v7e-m/fpv4-sp/hard/libc_nano.a(lib_a-utoa.o)
 .debug_frame   0x000000000000210c       0x3c /home/popenyuk/Programs/SystemWorkbench/plugins/fr.ac6.mcu.externaltools.arm-none.linux64_1.17.0.201812190825/tools/compiler/bin/../lib/gcc/arm-none-eabi/7.3.1/../../../../arm-none-eabi/lib/thumb/v7e-m/fpv4-sp/hard/libc_nano.a(lib_a-wctomb_r.o)
 .debug_frame   0x0000000000002148      0x11c /home/popenyuk/Programs/SystemWorkbench/plugins/fr.ac6.mcu.externaltools.arm-none.linux64_1.17.0.201812190825/tools/compiler/bin/../lib/gcc/arm-none-eabi/7.3.1/../../../../arm-none-eabi/lib/thumb/v7e-m/fpv4-sp/hard/libc_nano.a(lib_a-findfp.o)
 .debug_frame   0x0000000000002264       0x30 /home/popenyuk/Programs/SystemWorkbench/plugins/fr.ac6.mcu.externaltools.arm-none.linux64_1.17.0.201812190825/tools/compiler/bin/../lib/gcc/arm-none-eabi/7.3.1/../../../../arm-none-eabi/lib/thumb/v7e-m/fpv4-sp/hard/libc_nano.a(lib_a-mlock.o)